../Src/Driver/drv_st7789.c:96:6:ST7789_FillRect.part.0.constprop	40	static
../Src/Driver/drv_st7789.c:96:6:ST7789_FillRect.part.0	56	static
../Src/Driver/drv_st7789.c:43:6:ST7789_Init	24	static
../Src/Driver/drv_st7789.c:69:6:ST7789_FillScreen	24	static
../Src/Driver/drv_st7789.c:96:6:ST7789_FillRect	8	static
../Src/Driver/drv_st7789.c:130:6:ST7789_DrawRect	32	static
../Src/Driver/drv_st7789.c:139:6:ST7789_DrawBitmap	56	static
../Src/Driver/drv_st7789.c:152:6:HAL_SPI_TxCpltCallback	8	static
../Src/Driver/drv_st7789.c:161:6:ST7789_DrawPixel	32	static
../Src/Driver/drv_st7789.c:175:6:ST7789_DrawLine	88	static
../Src/Driver/drv_st7789.c:189:6:ST7789_DrawCircle	56	static
../Src/Driver/drv_st7789.c:206:6:ST7789_FillCircle	56	static
../Src/Driver/drv_st7789.c:219:6:ST7789_DrawRoundRect	80	static
../Src/Driver/drv_st7789.c:240:6:ST7789_FillRoundRect	88	static
../Src/Driver/drv_st7789.c:256:6:ST7789_DrawChar	56	static
../Src/Driver/drv_st7789.c:274:6:ST7789_DrawString	80	static
../Src/Driver/drv_st7789.c:280:6:ST7789_DrawInt	96	static
