../Src/Driver/drv_st7789.c:43:6:ST7789_Init	24	static
../Src/Driver/drv_st7789.c:69:6:ST7789_FillScreen	24	static
../Src/Driver/drv_st7789.c:125:6:ST7789_DrawBitmap	56	static
../Src/Driver/drv_st7789.c:96:6:ST7789_FillRect	40	static
../Src/Driver/drv_st7789.c:116:6:ST7789_DrawRect	72	static
../Src/Driver/drv_st7789.c:138:6:HAL_SPI_TxCpltCallback	8	static
../Src/Driver/drv_st7789.c:147:6:ST7789_DrawPixel	32	static
../Src/Driver/drv_st7789.c:161:6:ST7789_DrawLine	56	static
../Src/Driver/drv_st7789.c:175:6:ST7789_DrawCircle	56	static
../Src/Driver/drv_st7789.c:192:6:ST7789_FillCircle	80	static
../Src/Driver/drv_st7789.c:205:6:ST7789_DrawRoundRect	80	static
../Src/Driver/drv_st7789.c:226:6:ST7789_FillRoundRect	104	static
../Src/Driver/drv_st7789.c:242:6:ST7789_DrawChar	88	static
../Src/Driver/drv_st7789.c:260:6:ST7789_DrawString	40	static
../Src/Driver/drv_st7789.c:266:6:ST7789_DrawInt	56	static
