Archive member included to satisfy reference by file (symbol)

/opt/st/stm32cubeide_1.19.0/plugins/com.st.stm32cube.ide.mcu.externaltools.gnu-tools-for-stm32.13.3.rel1.linux64_1.0.0.202410170706/tools/bin/../lib/gcc/arm-none-eabi/13.3.1/../../../../arm-none-eabi/lib/thumb/v7e-m+fp/hard/libc_nano.a(libc_a-exit.o)
                              /opt/st/stm32cubeide_1.19.0/plugins/com.st.stm32cube.ide.mcu.externaltools.gnu-tools-for-stm32.13.3.rel1.linux64_1.0.0.202410170706/tools/bin/../lib/gcc/arm-none-eabi/13.3.1/../../../../arm-none-eabi/lib/thumb/v7e-m+fp/hard/crt0.o (exit)
/opt/st/stm32cubeide_1.19.0/plugins/com.st.stm32cube.ide.mcu.externaltools.gnu-tools-for-stm32.13.3.rel1.linux64_1.0.0.202410170706/tools/bin/../lib/gcc/arm-none-eabi/13.3.1/../../../../arm-none-eabi/lib/thumb/v7e-m+fp/hard/libc_nano.a(libc_a-findfp.o)
                              /opt/st/stm32cubeide_1.19.0/plugins/com.st.stm32cube.ide.mcu.externaltools.gnu-tools-for-stm32.13.3.rel1.linux64_1.0.0.202410170706/tools/bin/../lib/gcc/arm-none-eabi/13.3.1/../../../../arm-none-eabi/lib/thumb/v7e-m+fp/hard/libc_nano.a(libc_a-exit.o) (__stdio_exit_handler)
/opt/st/stm32cubeide_1.19.0/plugins/com.st.stm32cube.ide.mcu.externaltools.gnu-tools-for-stm32.13.3.rel1.linux64_1.0.0.202410170706/tools/bin/../lib/gcc/arm-none-eabi/13.3.1/../../../../arm-none-eabi/lib/thumb/v7e-m+fp/hard/libc_nano.a(libc_a-fwalk.o)
                              /opt/st/stm32cubeide_1.19.0/plugins/com.st.stm32cube.ide.mcu.externaltools.gnu-tools-for-stm32.13.3.rel1.linux64_1.0.0.202410170706/tools/bin/../lib/gcc/arm-none-eabi/13.3.1/../../../../arm-none-eabi/lib/thumb/v7e-m+fp/hard/libc_nano.a(libc_a-findfp.o) (_fwalk_sglue)
/opt/st/stm32cubeide_1.19.0/plugins/com.st.stm32cube.ide.mcu.externaltools.gnu-tools-for-stm32.13.3.rel1.linux64_1.0.0.202410170706/tools/bin/../lib/gcc/arm-none-eabi/13.3.1/../../../../arm-none-eabi/lib/thumb/v7e-m+fp/hard/libc_nano.a(libc_a-stdio.o)
                              /opt/st/stm32cubeide_1.19.0/plugins/com.st.stm32cube.ide.mcu.externaltools.gnu-tools-for-stm32.13.3.rel1.linux64_1.0.0.202410170706/tools/bin/../lib/gcc/arm-none-eabi/13.3.1/../../../../arm-none-eabi/lib/thumb/v7e-m+fp/hard/libc_nano.a(libc_a-findfp.o) (__sread)
/opt/st/stm32cubeide_1.19.0/plugins/com.st.stm32cube.ide.mcu.externaltools.gnu-tools-for-stm32.13.3.rel1.linux64_1.0.0.202410170706/tools/bin/../lib/gcc/arm-none-eabi/13.3.1/../../../../arm-none-eabi/lib/thumb/v7e-m+fp/hard/libc_nano.a(libc_a-memset.o)
                              /opt/st/stm32cubeide_1.19.0/plugins/com.st.stm32cube.ide.mcu.externaltools.gnu-tools-for-stm32.13.3.rel1.linux64_1.0.0.202410170706/tools/bin/../lib/gcc/arm-none-eabi/13.3.1/../../../../arm-none-eabi/lib/thumb/v7e-m+fp/hard/crt0.o (memset)
/opt/st/stm32cubeide_1.19.0/plugins/com.st.stm32cube.ide.mcu.externaltools.gnu-tools-for-stm32.13.3.rel1.linux64_1.0.0.202410170706/tools/bin/../lib/gcc/arm-none-eabi/13.3.1/../../../../arm-none-eabi/lib/thumb/v7e-m+fp/hard/libc_nano.a(libc_a-closer.o)
                              /opt/st/stm32cubeide_1.19.0/plugins/com.st.stm32cube.ide.mcu.externaltools.gnu-tools-for-stm32.13.3.rel1.linux64_1.0.0.202410170706/tools/bin/../lib/gcc/arm-none-eabi/13.3.1/../../../../arm-none-eabi/lib/thumb/v7e-m+fp/hard/libc_nano.a(libc_a-stdio.o) (_close_r)
/opt/st/stm32cubeide_1.19.0/plugins/com.st.stm32cube.ide.mcu.externaltools.gnu-tools-for-stm32.13.3.rel1.linux64_1.0.0.202410170706/tools/bin/../lib/gcc/arm-none-eabi/13.3.1/../../../../arm-none-eabi/lib/thumb/v7e-m+fp/hard/libc_nano.a(libc_a-reent.o)
                              /opt/st/stm32cubeide_1.19.0/plugins/com.st.stm32cube.ide.mcu.externaltools.gnu-tools-for-stm32.13.3.rel1.linux64_1.0.0.202410170706/tools/bin/../lib/gcc/arm-none-eabi/13.3.1/../../../../arm-none-eabi/lib/thumb/v7e-m+fp/hard/libc_nano.a(libc_a-closer.o) (errno)
/opt/st/stm32cubeide_1.19.0/plugins/com.st.stm32cube.ide.mcu.externaltools.gnu-tools-for-stm32.13.3.rel1.linux64_1.0.0.202410170706/tools/bin/../lib/gcc/arm-none-eabi/13.3.1/../../../../arm-none-eabi/lib/thumb/v7e-m+fp/hard/libc_nano.a(libc_a-impure.o)
                              /opt/st/stm32cubeide_1.19.0/plugins/com.st.stm32cube.ide.mcu.externaltools.gnu-tools-for-stm32.13.3.rel1.linux64_1.0.0.202410170706/tools/bin/../lib/gcc/arm-none-eabi/13.3.1/../../../../arm-none-eabi/lib/thumb/v7e-m+fp/hard/libc_nano.a(libc_a-reent.o) (_impure_ptr)
/opt/st/stm32cubeide_1.19.0/plugins/com.st.stm32cube.ide.mcu.externaltools.gnu-tools-for-stm32.13.3.rel1.linux64_1.0.0.202410170706/tools/bin/../lib/gcc/arm-none-eabi/13.3.1/../../../../arm-none-eabi/lib/thumb/v7e-m+fp/hard/libc_nano.a(libc_a-lseekr.o)
                              /opt/st/stm32cubeide_1.19.0/plugins/com.st.stm32cube.ide.mcu.externaltools.gnu-tools-for-stm32.13.3.rel1.linux64_1.0.0.202410170706/tools/bin/../lib/gcc/arm-none-eabi/13.3.1/../../../../arm-none-eabi/lib/thumb/v7e-m+fp/hard/libc_nano.a(libc_a-stdio.o) (_lseek_r)
[...]
Memory Configuration

Name             Origin             Length             Attributes
RAM              0x20000000         0x00020000         xrw
FLASH            0x08000000         0x00080000         xr
*default*        0x00000000         0xffffffff

Linker script and memory map

LOAD /opt/st/stm32cubeide_1.19.0/plugins/com.st.stm32cube.ide.mcu.externaltools.gnu-tools-for-stm32.13.3.rel1.linux64_1.0.0.202410170706/tools/bin/../lib/gcc/arm-none-eabi/13.3.1/thumb/v7e-m+fp/hard/crti.o
LOAD /opt/st/stm32cubeide_1.19.0/plugins/com.st.stm32cube.ide.mcu.externaltools.gnu-tools-for-stm32.13.3.rel1.linux64_1.0.0.202410170706/tools/bin/../lib/gcc/arm-none-eabi/13.3.1/thumb/v7e-m+fp/hard/crtbegin.o
LOAD /opt/st/stm32cubeide_1.19.0/plugins/com.st.stm32cube.ide.mcu.externaltools.gnu-tools-for-stm32.13.3.rel1.linux64_1.0.0.202410170706/tools/bin/../lib/gcc/arm-none-eabi/13.3.1/../../../../arm-none-eabi/lib/thumb/v7e-m+fp/hard/crt0.o
LOAD ./Core/Src/adc.o
LOAD ./Core/Src/dma.o
LOAD ./Core/Src/freertos.o
LOAD ./Core/Src/gpio.o
LOAD ./Core/Src/main.o
LOAD ./Core/Src/spi.o
LOAD ./Core/Src/stm32f4xx_hal_msp.o
LOAD ./Core/Src/stm32f4xx_hal_timebase_tim.o
LOAD ./Core/Src/stm32f4xx_it.o
LOAD ./Core/Src/syscalls.o
LOAD ./Core/Src/sysmem.o
LOAD ./Core/Src/system_stm32f4xx.o
LOAD ./Core/Src/tim.o
LOAD ./Core/Src/usart.o
LOAD ./Core/Startup/startup_stm32f411ceux.o
LOAD ./Drivers/STM32F4xx_HAL_Driver/Src/stm32f4xx_hal.o
LOAD ./Drivers/STM32F4xx_HAL_Driver/Src/stm32f4xx_hal_adc.o
LOAD ./Drivers/STM32F4xx_HAL_Driver/Src/stm32f4xx_hal_adc_ex.o
LOAD ./Drivers/STM32F4xx_HAL_Driver/Src/stm32f4xx_hal_cortex.o
LOAD ./Drivers/STM32F4xx_HAL_Driver/Src/stm32f4xx_hal_dma.o
LOAD ./Drivers/STM32F4xx_HAL_Driver/Src/stm32f4xx_hal_dma_ex.o
LOAD ./Drivers/STM32F4xx_HAL_Driver/Src/stm32f4xx_hal_exti.o
LOAD ./Drivers/STM32F4xx_HAL_Driver/Src/stm32f4xx_hal_flash.o
LOAD ./Drivers/STM32F4xx_HAL_Driver/Src/stm32f4xx_hal_flash_ex.o
LOAD ./Drivers/STM32F4xx_HAL_Driver/Src/stm32f4xx_hal_flash_ramfunc.o
LOAD ./Drivers/STM32F4xx_HAL_Driver/Src/stm32f4xx_hal_gpio.o
LOAD ./Drivers/STM32F4xx_HAL_Driver/Src/stm32f4xx_hal_pwr.o
LOAD ./Drivers/STM32F4xx_HAL_Driver/Src/stm32f4xx_hal_pwr_ex.o
LOAD ./Drivers/STM32F4xx_HAL_Driver/Src/stm32f4xx_hal_rcc.o
LOAD ./Drivers/STM32F4xx_HAL_Driver/Src/stm32f4xx_hal_rcc_ex.o
LOAD ./Drivers/STM32F4xx_HAL_Driver/Src/stm32f4xx_hal_spi.o
LOAD ./Drivers/STM32F4xx_HAL_Driver/Src/stm32f4xx_hal_tim.o
LOAD ./Drivers/STM32F4xx_HAL_Driver/Src/stm32f4xx_hal_tim_ex.o
LOAD ./Drivers/STM32F4xx_HAL_Driver/Src/stm32f4xx_hal_uart.o
LOAD ./Drivers/STM32F4xx_HAL_Driver/Src/stm32f4xx_ll_adc.o
LOAD ./Middlewares/Third_Party/FreeRTOS/Source/CMSIS_RTOS_V2/cmsis_os2.o
LOAD ./Middlewares/Third_Party/FreeRTOS/Source/croutine.o
LOAD ./Middlewares/Third_Party/FreeRTOS/Source/event_groups.o
LOAD ./Middlewares/Third_Party/FreeRTOS/Source/list.o
LOAD ./Middlewares/Third_Party/FreeRTOS/Source/queue.o
LOAD ./Middlewares/Third_Party/FreeRTOS/Source/stream_buffer.o
LOAD ./Middlewares/Third_Party/FreeRTOS/Source/tasks.o
LOAD ./Middlewares/Third_Party/FreeRTOS/Source/timers.o
LOAD ./Middlewares/Third_Party/FreeRTOS/Source/portable/GCC/ARM_CM4F/port.o
LOAD ./Middlewares/Third_Party/FreeRTOS/Source/portable/MemMang/heap_4.o
LOAD ./Src/App/app_main.o
LOAD ./Src/Driver/drv_adc.o
LOAD ./Src/Driver/drv_st7789.o
LOAD ./Src/Service/svc_input.o
START GROUP
LOAD /opt/st/stm32cubeide_1.19.0/plugins/com.st.stm32cube.ide.mcu.externaltools.gnu-tools-for-stm32.13.3.rel1.linux64_1.0.0.202410170706/tools/bin/../lib/gcc/arm-none-eabi/13.3.1/../../../../arm-none-eabi/lib/thumb/v7e-m+fp/hard/libstdc++_nano.a
LOAD /opt/st/stm32cubeide_1.19.0/plugins/com.st.stm32cube.ide.mcu.externaltools.gnu-tools-for-stm32.13.3.rel1.linux64_1.0.0.202410170706/tools/bin/../lib/gcc/arm-none-eabi/13.3.1/../../../../arm-none-eabi/lib/thumb/v7e-m+fp/hard/libsupc++_nano.a
END GROUP
LOAD /opt/st/stm32cubeide_1.19.0/plugins/com.st.stm32cube.ide.mcu.externaltools.gnu-tools-for-stm32.13.3.rel1.linux64_1.0.0.202410170706/tools/bin/../lib/gcc/arm-none-eabi/13.3.1/../../../../arm-none-eabi/lib/thumb/v7e-m+fp/hard/libstdc++_nano.a
LOAD /opt/st/stm32cubeide_1.19.0/plugins/com.st.stm32cube.ide.mcu.externaltools.gnu-tools-for-stm32.13.3.rel1.linux64_1.0.0.202410170706/tools/bin/../lib/gcc/arm-none-eabi/13.3.1/../../../../arm-none-eabi/lib/thumb/v7e-m+fp/hard/libm.a
LOAD /opt/st/stm32cubeide_1.19.0/plugins/com.st.stm32cube.ide.mcu.externaltools.gnu-tools-for-stm32.13.3.rel1.linux64_1.0.0.202410170706/tools/bin/../lib/gcc/arm-none-eabi/13.3.1/../../../../arm-none-eabi/lib/thumb/v7e-m+fp/hard/libc_nano.a
START GROUP
LOAD /opt/st/stm32cubeide_1.19.0/plugins/com.st.stm32cube.ide.mcu.externaltools.gnu-tools-for-stm32.13.3.rel1.linux64_1.0.0.202410170706/tools/bin/../lib/gcc/arm-none-eabi/13.3.1/thumb/v7e-m+fp/hard/libgcc.a
LOAD /opt/st/stm32cubeide_1.19.0/plugins/com.st.stm32cube.ide.mcu.externaltools.gnu-tools-for-stm32.13.3.rel1.linux64_1.0.0.202410170706/tools/bin/../lib/gcc/arm-none-eabi/13.3.1/../../../../arm-none-eabi/lib/thumb/v7e-m+fp/hard/libc_nano.a
END GROUP
START GROUP
LOAD /opt/st/stm32cubeide_1.19.0/plugins/com.st.stm32cube.ide.mcu.externaltools.gnu-tools-for-stm32.13.3.rel1.linux64_1.0.0.202410170706/tools/bin/../lib/gcc/arm-none-eabi/13.3.1/thumb/v7e-m+fp/hard/libgcc.a
LOAD /opt/st/stm32cubeide_1.19.0/plugins/com.st.stm32cube.ide.mcu.externaltools.gnu-tools-for-stm32.13.3.rel1.linux64_1.0.0.202410170706/tools/bin/../lib/gcc/arm-none-eabi/13.3.1/../../../../arm-none-eabi/lib/thumb/v7e-m+fp/hard/libc_nano.a
LOAD /opt/st/stm32cubeide_1.19.0/plugins/com.st.stm32cube.ide.mcu.externaltools.gnu-tools-for-stm32.13.3.rel1.linux64_1.0.0.202410170706/tools/bin/../lib/gcc/arm-none-eabi/13.3.1/../../../../arm-none-eabi/lib/thumb/v7e-m+fp/hard/libnosys.a
END GROUP
START GROUP
LOAD /opt/st/stm32cubeide_1.19.0/plugins/com.st.stm32cube.ide.mcu.externaltools.gnu-tools-for-stm32.13.3.rel1.linux64_1.0.0.202410170706/tools/bin/../lib/gcc/arm-none-eabi/13.3.1/thumb/v7e-m+fp/hard/libgcc.a
LOAD /opt/st/stm32cubeide_1.19.0/plugins/com.st.stm32cube.ide.mcu.externaltools.gnu-tools-for-stm32.13.3.rel1.linux64_1.0.0.202410170706/tools/bin/../lib/gcc/arm-none-eabi/13.3.1/../../../../arm-none-eabi/lib/thumb/v7e-m+fp/hard/libc_nano.a
LOAD /opt/st/stm32cubeide_1.19.0/plugins/com.st.stm32cube.ide.mcu.externaltools.gnu-tools-for-stm32.13.3.rel1.linux64_1.0.0.202410170706/tools/bin/../lib/gcc/arm-none-eabi/13.3.1/../../../../arm-none-eabi/lib/thumb/v7e-m+fp/hard/libnosys.a
END GROUP
LOAD /opt/st/stm32cubeide_1.19.0/plugins/com.st.stm32cube.ide.mcu.externaltools.gnu-tools-for-stm32.13.3.rel1.linux64_1.0.0.202410170706/tools/bin/../lib/gcc/arm-none-eabi/13.3.1/thumb/v7e-m+fp/hard/crtend.o
LOAD /opt/st/stm32cubeide_1.19.0/plugins/com.st.stm32cube.ide.mcu.externaltools.gnu-tools-for-stm32.13.3.rel1.linux64_1.0.0.202410170706/tools/bin/../lib/gcc/arm-none-eabi/13.3.1/thumb/v7e-m+fp/hard/crtn.o
                0x20020000                        _estack = (ORIGIN (RAM) + LENGTH (RAM))
                0x00000200                        _Min_Heap_Size = 0x200
                0x00000400                        _Min_Stack_Size = 0x400

.isr_vector     0x08000000      0x198
                0x08000000                        . = ALIGN (0x4)
 *(.isr_vector)
 .isr_vector    0x08000000      0x198 ./Core/Startup/startup_stm32f411ceux.o
                0x08000000                g_pfnVectors
                0x08000198                        . = ALIGN (0x4)

.text           0x080001a0     0x7cdc
                0x080001a0                        . = ALIGN (0x4)
 *(.text)
 .text          0x080001a0       0x40 /opt/st/stm32cubeide_1.19.0/plugins/com.st.stm32cube.ide.mcu.externaltools.gnu-tools-for-stm32.13.3.rel1.linux64_1.0.0.202410170706/tools/bin/../lib/gcc/arm-none-eabi/13.3.1/thumb/v7e-m+fp/hard/crtbegin.o
 .text          0x080001e0       0x30 /opt/st/stm32cubeide_1.19.0/plugins/com.st.stm32cube.ide.mcu.externaltools.gnu-tools-for-stm32.13.3.rel1.linux64_1.0.0.202410170706/tools/bin/../lib/gcc/arm-none-eabi/13.3.1/thumb/v7e-m+fp/hard/libgcc.a(_aeabi_uldivmod.o)
                0x080001e0                __aeabi_uldivmod
 .text          0x08000210      0x2f8 /opt/st/stm32cubeide_1.19.0/plugins/com.st.stm32cube.ide.mcu.externaltools.gnu-tools-for-stm32.13.3.rel1.linux64_1.0.0.202410170706/tools/bin/../lib/gcc/arm-none-eabi/13.3.1/thumb/v7e-m+fp/hard/libgcc.a(_udivmoddi4.o)
                0x08000210                __udivmoddi4
 .text          0x08000508        0x4 /opt/st/stm32cubeide_1.19.0/plugins/com.st.stm32cube.ide.mcu.externaltools.gnu-tools-for-stm32.13.3.rel1.linux64_1.0.0.202410170706/tools/bin/../lib/gcc/arm-none-eabi/13.3.1/thumb/v7e-m+fp/hard/libgcc.a(_dvmd_tls.o)
                0x08000508                __aeabi_ldiv0
                0x08000508                __aeabi_idiv0
 *(.text*)
 .text.MX_ADC1_Init
                0x0800050c       0xa4 ./Core/Src/adc.o
                0x0800050c                MX_ADC1_Init
 .text.HAL_ADC_MspInit
                0x080005b0      0x128 ./Core/Src/adc.o
                0x080005b0                HAL_ADC_MspInit
 .text.MX_DMA_Init
                0x080006d8       0x40 ./Core/Src/dma.o
                0x080006d8                MX_DMA_Init
 .text.MX_FREERTOS_Init
                0x08000718       0x90 ./Core/Src/freertos.o
                0x08000718                MX_FREERTOS_Init
 .text.StartDisplayTask
                0x080007a8       0x18 ./Core/Src/freertos.o
                0x080007a8                StartDisplayTask
 .text.StartInputTask
                0x080007c0       0x18 ./Core/Src/freertos.o
                0x080007c0                StartInputTask
 .text.StartCrsfTask
                0x080007d8       0x18 ./Core/Src/freertos.o
                0x080007d8                StartCrsfTask
 .text.StartMonitorTask
                0x080007f0       0x10 ./Core/Src/freertos.o
                0x080007f0                StartMonitorTask
 .text.MX_GPIO_Init
                0x08000800       0xc0 ./Core/Src/gpio.o
                0x08000800                MX_GPIO_Init
 .text.main     0x080008c0       0x38 ./Core/Src/main.o
                0x080008c0                main
 .text.SystemClock_Config
                0x080008f8       0xd0 ./Core/Src/main.o
                0x080008f8                SystemClock_Config
 .text.HAL_TIM_PeriodElapsedCallback
                0x080009c8       0x24 ./Core/Src/main.o
                0x080009c8                HAL_TIM_PeriodElapsedCallback
 .text.Error_Handler
                0x080009ec        0xc ./Core/Src/main.o
                0x080009ec                Error_Handler
 .text.MX_SPI1_Init
                0x080009f8       0x6c ./Core/Src/spi.o
                0x080009f8                MX_SPI1_Init
 .text.HAL_SPI_MspInit
                0x08000a64       0x90 ./Core/Src/spi.o
                0x08000a64                HAL_SPI_MspInit
 .text.HAL_MspInit
                0x08000af4       0x58 ./Core/Src/stm32f4xx_hal_msp.o
                0x08000af4                HAL_MspInit
 .text.HAL_InitTick
                0x08000b4c       0xe4 ./Core/Src/stm32f4xx_hal_timebase_tim.o
                0x08000b4c                HAL_InitTick
 .text.NMI_Handler
                0x08000c30        0x8 ./Core/Src/stm32f4xx_it.o
                0x08000c30                NMI_Handler
 .text.HardFault_Handler
                0x08000c38        0x8 ./Core/Src/stm32f4xx_it.o
                0x08000c38                HardFault_Handler
 .text.MemManage_Handler
                0x08000c40        0x8 ./Core/Src/stm32f4xx_it.o
                0x08000c40                MemManage_Handler
 .text.BusFault_Handler
                0x08000c48        0x8 ./Core/Src/stm32f4xx_it.o
                0x08000c48                BusFault_Handler
 .text.UsageFault_Handler
                0x08000c50        0x8 ./Core/Src/stm32f4xx_it.o
                0x08000c50                UsageFault_Handler
 .text.DebugMon_Handler
                0x08000c58        0xe ./Core/Src/stm32f4xx_it.o
                0x08000c58                DebugMon_Handler
 *fill*         0x08000c66        0x2 
 .text.TIM1_TRG_COM_TIM11_IRQHandler
                0x08000c68       0x14 ./Core/Src/stm32f4xx_it.o
                0x08000c68                TIM1_TRG_COM_TIM11_IRQHandler
 .text.USART1_IRQHandler
                0x08000c7c       0x14 ./Core/Src/stm32f4xx_it.o
                0x08000c7c                USART1_IRQHandler
 .text.DMA2_Stream0_IRQHandler
                0x08000c90       0x14 ./Core/Src/stm32f4xx_it.o
                0x08000c90                DMA2_Stream0_IRQHandler
 .text.SystemInit
                0x08000ca4       0x24 ./Core/Src/system_stm32f4xx.o
                0x08000ca4                SystemInit
 .text.MX_TIM3_Init
                0x08000cc8       0xa8 ./Core/Src/tim.o
                0x08000cc8                MX_TIM3_Init
 .text.MX_TIM4_Init
                0x08000d70       0xa8 ./Core/Src/tim.o
                0x08000d70                MX_TIM4_Init
 .text.HAL_TIM_Encoder_MspInit
                0x08000e18       0xf8 ./Core/Src/tim.o
                0x08000e18                HAL_TIM_Encoder_MspInit
 .text.MX_USART1_UART_Init
                0x08000f10       0x54 ./Core/Src/usart.o
                0x08000f10                MX_USART1_UART_Init
 .text.HAL_UART_MspInit
                0x08000f64       0xa0 ./Core/Src/usart.o
                0x08000f64                HAL_UART_MspInit
 .text.Reset_Handler
                0x08001004       0x50 ./Core/Startup/startup_stm32f411ceux.o
                0x08001004                Reset_Handler
 .text.Default_Handler
                0x08001054        0x2 ./Core/Startup/startup_stm32f411ceux.o
                0x08001054                RTC_Alarm_IRQHandler
                0x08001054                EXTI2_IRQHandler
                0x08001054                SPI4_IRQHandler
                0x08001054                TIM1_CC_IRQHandler
                0x08001054                DMA2_Stream5_IRQHandler
                0x08001054                DMA1_Stream5_IRQHandler
                0x08001054                PVD_IRQHandler
                0x08001054                SDIO_IRQHandler
                0x08001054                TAMP_STAMP_IRQHandler
                0x08001054                EXTI3_IRQHandler
                0x08001054                TIM1_UP_TIM10_IRQHandler
                0x08001054                I2C3_ER_IRQHandler
                0x08001054                EXTI0_IRQHandler
                0x08001054                I2C2_EV_IRQHandler
                0x08001054                DMA1_Stream2_IRQHandler
                0x08001054                FPU_IRQHandler
                0x08001054                DMA2_Stream2_IRQHandler
                0x08001054                SPI1_IRQHandler
                0x08001054                TIM1_BRK_TIM9_IRQHandler
                0x08001054                DMA2_Stream3_IRQHandler
                0x08001054                USART6_IRQHandler
                0x08001054                TIM4_IRQHandler
                0x08001054                I2C1_EV_IRQHandler
                0x08001054                DMA1_Stream6_IRQHandler
                0x08001054                DMA1_Stream1_IRQHandler
                0x08001054                TIM3_IRQHandler
                0x08001054                RCC_IRQHandler
                0x08001054                Default_Handler
                0x08001054                EXTI15_10_IRQHandler
                0x08001054                ADC_IRQHandler
                0x08001054                DMA1_Stream7_IRQHandler
                0x08001054                SPI5_IRQHandler
                0x08001054                TIM5_IRQHandler
                0x08001054                DMA2_Stream7_IRQHandler
                0x08001054                I2C3_EV_IRQHandler
                0x08001054                EXTI9_5_IRQHandler
                0x08001054                RTC_WKUP_IRQHandler
                0x08001054                SPI2_IRQHandler
                0x08001054                DMA1_Stream0_IRQHandler
                0x08001054                EXTI4_IRQHandler
                0x08001054                WWDG_IRQHandler
                0x08001054                TIM2_IRQHandler
                0x08001054                OTG_FS_WKUP_IRQHandler
                0x08001054                EXTI1_IRQHandler
                0x08001054                USART2_IRQHandler
                0x08001054                I2C2_ER_IRQHandler
                0x08001054                DMA2_Stream1_IRQHandler
                0x08001054                FLASH_IRQHandler
                0x08001054                DMA2_Stream4_IRQHandler
                0x08001054                OTG_FS_IRQHandler
                0x08001054                SPI3_IRQHandler
                0x08001054                DMA1_Stream4_IRQHandler
                0x08001054                I2C1_ER_IRQHandler
                0x08001054                DMA2_Stream6_IRQHandler
                0x08001054                DMA1_Stream3_IRQHandler
 *fill*         0x08001056        0x2 
 .text.HAL_Init
                0x08001058       0x44 ./Drivers/STM32F4xx_HAL_Driver/Src/stm32f4xx_hal.o
                0x08001058                HAL_Init
 .text.HAL_IncTick
                0x0800109c       0x28 ./Drivers/STM32F4xx_HAL_Driver/Src/stm32f4xx_hal.o
                0x0800109c                HAL_IncTick
 .text.HAL_GetTick
                0x080010c4       0x18 ./Drivers/STM32F4xx_HAL_Driver/Src/stm32f4xx_hal.o
                0x080010c4                HAL_GetTick
 .text.HAL_ADC_Init
                0x080010dc       0x86 ./Drivers/STM32F4xx_HAL_Driver/Src/stm32f4xx_hal_adc.o
                0x080010dc                HAL_ADC_Init
 *fill*         0x08001162        0x2 
 .text.HAL_ADC_Start_DMA
                0x08001164      0x1e8 ./Drivers/STM32F4xx_HAL_Driver/Src/stm32f4xx_hal_adc.o
                0x08001164                HAL_ADC_Start_DMA
 .text.HAL_ADC_ConvCpltCallback
                0x0800134c       0x14 ./Drivers/STM32F4xx_HAL_Driver/Src/stm32f4xx_hal_adc.o
                0x0800134c                HAL_ADC_ConvCpltCallback
 .text.HAL_ADC_ConvHalfCpltCallback
                0x08001360       0x14 ./Drivers/STM32F4xx_HAL_Driver/Src/stm32f4xx_hal_adc.o
                0x08001360                HAL_ADC_ConvHalfCpltCallback
 .text.HAL_ADC_ErrorCallback
                0x08001374       0x14 ./Drivers/STM32F4xx_HAL_Driver/Src/stm32f4xx_hal_adc.o
                0x08001374                HAL_ADC_ErrorCallback
 .text.HAL_ADC_ConfigChannel
                0x08001388      0x264 ./Drivers/STM32F4xx_HAL_Driver/Src/stm32f4xx_hal_adc.o
                0x08001388                HAL_ADC_ConfigChannel
 .text.ADC_Init
                0x080015ec      0x1f8 ./Drivers/STM32F4xx_HAL_Driver/Src/stm32f4xx_hal_adc.o
 .text.ADC_DMAConvCplt
                0x080017e4       0xba ./Drivers/STM32F4xx_HAL_Driver/Src/stm32f4xx_hal_adc.o
 .text.ADC_DMAHalfConvCplt
                0x0800189e       0x1c ./Drivers/STM32F4xx_HAL_Driver/Src/stm32f4xx_hal_adc.o
 .text.ADC_DMAError
                0x080018ba       0x2e ./Drivers/STM32F4xx_HAL_Driver/Src/stm32f4xx_hal_adc.o
 .text.__NVIC_SetPriorityGrouping
                0x080018e8       0x48 ./Drivers/STM32F4xx_HAL_Driver/Src/stm32f4xx_hal_cortex.o
 .text.__NVIC_GetPriorityGrouping
                0x08001930       0x1c ./Drivers/STM32F4xx_HAL_Driver/Src/stm32f4xx_hal_cortex.o
 .text.__NVIC_EnableIRQ
                0x0800194c       0x3c ./Drivers/STM32F4xx_HAL_Driver/Src/stm32f4xx_hal_cortex.o
 .text.__NVIC_SetPriority
                0x08001988       0x54 ./Drivers/STM32F4xx_HAL_Driver/Src/stm32f4xx_hal_cortex.o
 .text.NVIC_EncodePriority
                0x080019dc       0x66 ./Drivers/STM32F4xx_HAL_Driver/Src/stm32f4xx_hal_cortex.o
 .text.HAL_NVIC_SetPriorityGrouping
                0x08001a42       0x16 ./Drivers/STM32F4xx_HAL_Driver/Src/stm32f4xx_hal_cortex.o
                0x08001a42                HAL_NVIC_SetPriorityGrouping
 .text.HAL_NVIC_SetPriority
                0x08001a58       0x38 ./Drivers/STM32F4xx_HAL_Driver/Src/stm32f4xx_hal_cortex.o
                0x08001a58                HAL_NVIC_SetPriority
 .text.HAL_NVIC_EnableIRQ
                0x08001a90       0x1c ./Drivers/STM32F4xx_HAL_Driver/Src/stm32f4xx_hal_cortex.o
                0x08001a90                HAL_NVIC_EnableIRQ
 .text.HAL_DMA_Init
                0x08001aac      0x15c ./Drivers/STM32F4xx_HAL_Driver/Src/stm32f4xx_hal_dma.o
                0x08001aac                HAL_DMA_Init
 .text.HAL_DMA_Start_IT
                0x08001c08       0xb0 ./Drivers/STM32F4xx_HAL_Driver/Src/stm32f4xx_hal_dma.o
                0x08001c08                HAL_DMA_Start_IT
 .text.HAL_DMA_Abort
                0x08001cb8       0xe0 ./Drivers/STM32F4xx_HAL_Driver/Src/stm32f4xx_hal_dma.o
                0x08001cb8                HAL_DMA_Abort
 .text.HAL_DMA_Abort_IT
                0x08001d98       0x44 ./Drivers/STM32F4xx_HAL_Driver/Src/stm32f4xx_hal_dma.o
                0x08001d98                HAL_DMA_Abort_IT
 .text.HAL_DMA_IRQHandler
                0x08001ddc      0x314 ./Drivers/STM32F4xx_HAL_Driver/Src/stm32f4xx_hal_dma.o
                0x08001ddc                HAL_DMA_IRQHandler
 .text.DMA_SetConfig
                0x080020f0       0x5c ./Drivers/STM32F4xx_HAL_Driver/Src/stm32f4xx_hal_dma.o
 .text.DMA_CalcBaseAndBitshift
                0x0800214c       0x6c ./Drivers/STM32F4xx_HAL_Driver/Src/stm32f4xx_hal_dma.o
 .text.DMA_CheckFifoParam
                0x080021b8       0xf8 ./Drivers/STM32F4xx_HAL_Driver/Src/stm32f4xx_hal_dma.o
 .text.HAL_GPIO_Init
                0x080022b0      0x308 ./Drivers/STM32F4xx_HAL_Driver/Src/stm32f4xx_hal_gpio.o
                0x080022b0                HAL_GPIO_Init
 .text.HAL_GPIO_WritePin
                0x080025b8       0x32 ./Drivers/STM32F4xx_HAL_Driver/Src/stm32f4xx_hal_gpio.o
                0x080025b8                HAL_GPIO_WritePin
 *fill*         0x080025ea        0x2 
 .text.HAL_RCC_OscConfig
                0x080025ec      0x4f0 ./Drivers/STM32F4xx_HAL_Driver/Src/stm32f4xx_hal_rcc.o
                0x080025ec                HAL_RCC_OscConfig
 .text.HAL_RCC_ClockConfig
                0x08002adc      0x1cc ./Drivers/STM32F4xx_HAL_Driver/Src/stm32f4xx_hal_rcc.o
                0x08002adc                HAL_RCC_ClockConfig
 .text.HAL_RCC_GetSysClockFreq
                0x08002ca8      0x18c ./Drivers/STM32F4xx_HAL_Driver/Src/stm32f4xx_hal_rcc.o
                0x08002ca8                HAL_RCC_GetSysClockFreq
 .text.HAL_RCC_GetHCLKFreq
                0x08002e34       0x18 ./Drivers/STM32F4xx_HAL_Driver/Src/stm32f4xx_hal_rcc.o
                0x08002e34                HAL_RCC_GetHCLKFreq
 .text.HAL_RCC_GetPCLK1Freq
                0x08002e4c       0x28 ./Drivers/STM32F4xx_HAL_Driver/Src/stm32f4xx_hal_rcc.o
                0x08002e4c                HAL_RCC_GetPCLK1Freq
 .text.HAL_RCC_GetPCLK2Freq
                0x08002e74       0x28 ./Drivers/STM32F4xx_HAL_Driver/Src/stm32f4xx_hal_rcc.o
                0x08002e74                HAL_RCC_GetPCLK2Freq
 .text.HAL_RCC_GetClockConfig
                0x08002e9c       0x64 ./Drivers/STM32F4xx_HAL_Driver/Src/stm32f4xx_hal_rcc.o
                0x08002e9c                HAL_RCC_GetClockConfig
 .text.HAL_SPI_Init
                0x08002f00      0x112 ./Drivers/STM32F4xx_HAL_Driver/Src/stm32f4xx_hal_spi.o
                0x08002f00                HAL_SPI_Init
 .text.HAL_SPI_Transmit
                0x08003012      0x288 ./Drivers/STM32F4xx_HAL_Driver/Src/stm32f4xx_hal_spi.o
                0x08003012                HAL_SPI_Transmit
 *fill*         0x0800329a        0x2 
 .text.SPI_WaitFlagStateUntilTimeout
                0x0800329c      0x110 ./Drivers/STM32F4xx_HAL_Driver/Src/stm32f4xx_hal_spi.o
 .text.SPI_EndRxTxTransaction
                0x080033ac       0xa8 ./Drivers/STM32F4xx_HAL_Driver/Src/stm32f4xx_hal_spi.o
 .text.HAL_TIM_Base_Init
                0x08003454       0x9e ./Drivers/STM32F4xx_HAL_Driver/Src/stm32f4xx_hal_tim.o
                0x08003454                HAL_TIM_Base_Init
 .text.HAL_TIM_Base_MspInit
                0x080034f2       0x14 ./Drivers/STM32F4xx_HAL_Driver/Src/stm32f4xx_hal_tim.o
                0x080034f2                HAL_TIM_Base_MspInit
 *fill*         0x08003506        0x2 
 .text.HAL_TIM_Base_Start_IT
                0x08003508       0xc4 ./Drivers/STM32F4xx_HAL_Driver/Src/stm32f4xx_hal_tim.o
                0x08003508                HAL_TIM_Base_Start_IT
 .text.HAL_TIM_Encoder_Init
                0x080035cc      0x14c ./Drivers/STM32F4xx_HAL_Driver/Src/stm32f4xx_hal_tim.o
                0x080035cc                HAL_TIM_Encoder_Init
 .text.HAL_TIM_IRQHandler
                0x08003718      0x1e0 ./Drivers/STM32F4xx_HAL_Driver/Src/stm32f4xx_hal_tim.o
                0x08003718                HAL_TIM_IRQHandler
 .text.HAL_TIM_OC_DelayElapsedCallback
                0x080038f8       0x14 ./Drivers/STM32F4xx_HAL_Driver/Src/stm32f4xx_hal_tim.o
                0x080038f8                HAL_TIM_OC_DelayElapsedCallback
 .text.HAL_TIM_IC_CaptureCallback
                0x0800390c       0x14 ./Drivers/STM32F4xx_HAL_Driver/Src/stm32f4xx_hal_tim.o
                0x0800390c                HAL_TIM_IC_CaptureCallback
 .text.HAL_TIM_PWM_PulseFinishedCallback
                0x08003920       0x14 ./Drivers/STM32F4xx_HAL_Driver/Src/stm32f4xx_hal_tim.o
                0x08003920                HAL_TIM_PWM_PulseFinishedCallback
 .text.HAL_TIM_TriggerCallback
                0x08003934       0x14 ./Drivers/STM32F4xx_HAL_Driver/Src/stm32f4xx_hal_tim.o
                0x08003934                HAL_TIM_TriggerCallback
 .text.TIM_Base_SetConfig
                0x08003948      0x10c ./Drivers/STM32F4xx_HAL_Driver/Src/stm32f4xx_hal_tim.o
                0x08003948                TIM_Base_SetConfig
 .text.HAL_TIMEx_MasterConfigSynchronization
                0x08003a54       0xdc ./Drivers/STM32F4xx_HAL_Driver/Src/stm32f4xx_hal_tim_ex.o
                0x08003a54                HAL_TIMEx_MasterConfigSynchronization
 .text.HAL_TIMEx_CommutCallback
                0x08003b30       0x14 ./Drivers/STM32F4xx_HAL_Driver/Src/stm32f4xx_hal_tim_ex.o
                0x08003b30                HAL_TIMEx_CommutCallback
 .text.HAL_TIMEx_BreakCallback
                0x08003b44       0x14 ./Drivers/STM32F4xx_HAL_Driver/Src/stm32f4xx_hal_tim_ex.o
                0x08003b44                HAL_TIMEx_BreakCallback
 .text.HAL_UART_Init
                0x08003b58       0xa0 ./Drivers/STM32F4xx_HAL_Driver/Src/stm32f4xx_hal_uart.o
                0x08003b58                HAL_UART_Init
 .text.HAL_UART_IRQHandler
                0x08003bf8      0x554 ./Drivers/STM32F4xx_HAL_Driver/Src/stm32f4xx_hal_uart.o
                0x08003bf8                HAL_UART_IRQHandler
 .text.HAL_UART_TxCpltCallback
                0x0800414c       0x14 ./Drivers/STM32F4xx_HAL_Driver/Src/stm32f4xx_hal_uart.o
                0x0800414c                HAL_UART_TxCpltCallback
 .text.HAL_UART_RxCpltCallback
                0x08004160       0x14 ./Drivers/STM32F4xx_HAL_Driver/Src/stm32f4xx_hal_uart.o
                0x08004160                HAL_UART_RxCpltCallback
 .text.HAL_UART_ErrorCallback
                0x08004174       0x14 ./Drivers/STM32F4xx_HAL_Driver/Src/stm32f4xx_hal_uart.o
                0x08004174                HAL_UART_ErrorCallback
 .text.HAL_UARTEx_RxEventCallback
                0x08004188       0x18 ./Drivers/STM32F4xx_HAL_Driver/Src/stm32f4xx_hal_uart.o
                0x08004188                HAL_UARTEx_RxEventCallback
 .text.UART_EndRxTransfer
                0x080041a0       0xc6 ./Drivers/STM32F4xx_HAL_Driver/Src/stm32f4xx_hal_uart.o
 .text.UART_DMAAbortOnError
                0x08004266       0x22 ./Drivers/STM32F4xx_HAL_Driver/Src/stm32f4xx_hal_uart.o
 .text.UART_Transmit_IT
                0x08004288       0xa0 ./Drivers/STM32F4xx_HAL_Driver/Src/stm32f4xx_hal_uart.o
 .text.UART_EndTransmit_IT
                0x08004328       0x30 ./Drivers/STM32F4xx_HAL_Driver/Src/stm32f4xx_hal_uart.o
 .text.UART_Receive_IT
                0x08004358      0x17c ./Drivers/STM32F4xx_HAL_Driver/Src/stm32f4xx_hal_uart.o
 .text.UART_SetConfig
                0x080044d4      0x4e8 ./Drivers/STM32F4xx_HAL_Driver/Src/stm32f4xx_hal_uart.o
 .text.__NVIC_SetPriority
                0x080049bc       0x54 ./Middlewares/Third_Party/FreeRTOS/Source/CMSIS_RTOS_V2/cmsis_os2.o
 .text.SysTick_Handler
                0x08004a10       0x20 ./Middlewares/Third_Party/FreeRTOS/Source/CMSIS_RTOS_V2/cmsis_os2.o
                0x08004a10                SysTick_Handler
 .text.SVC_Setup
                0x08004a30       0x12 ./Middlewares/Third_Party/FreeRTOS/Source/CMSIS_RTOS_V2/cmsis_os2.o
 *fill*         0x08004a42        0x2 
 .text.osKernelInitialize
                0x08004a44       0x48 ./Middlewares/Third_Party/FreeRTOS/Source/CMSIS_RTOS_V2/cmsis_os2.o
                0x08004a44                osKernelInitialize
 .text.osKernelStart
                0x08004a8c       0x4c ./Middlewares/Third_Party/FreeRTOS/Source/CMSIS_RTOS_V2/cmsis_os2.o
                0x08004a8c                osKernelStart
 .text.osThreadNew
                0x08004ad8      0x124 ./Middlewares/Third_Party/FreeRTOS/Source/CMSIS_RTOS_V2/cmsis_os2.o
                0x08004ad8                osThreadNew
 .text.osDelay  0x08004bfc       0x36 ./Middlewares/Third_Party/FreeRTOS/Source/CMSIS_RTOS_V2/cmsis_os2.o
                0x08004bfc                osDelay
 .text.osMessageQueueNew
                0x08004c32       0xe6 ./Middlewares/Third_Party/FreeRTOS/Source/CMSIS_RTOS_V2/cmsis_os2.o
                0x08004c32                osMessageQueueNew
 .text.vApplicationGetIdleTaskMemory
                0x08004d18       0x34 ./Middlewares/Third_Party/FreeRTOS/Source/CMSIS_RTOS_V2/cmsis_os2.o
                0x08004d18                vApplicationGetIdleTaskMemory
 .text.vApplicationGetTimerTaskMemory
                0x08004d4c       0x34 ./Middlewares/Third_Party/FreeRTOS/Source/CMSIS_RTOS_V2/cmsis_os2.o
                0x08004d4c                vApplicationGetTimerTaskMemory
 .text.vListInitialise
                0x08004d80       0x40 ./Middlewares/Third_Party/FreeRTOS/Source/list.o
                0x08004d80                vListInitialise
 .text.vListInitialiseItem
                0x08004dc0       0x1a ./Middlewares/Third_Party/FreeRTOS/Source/list.o
                0x08004dc0                vListInitialiseItem
 .text.vListInsertEnd
                0x08004dda       0x48 ./Middlewares/Third_Party/FreeRTOS/Source/list.o
                0x08004dda                vListInsertEnd
 .text.vListInsert
                0x08004e22       0x72 ./Middlewares/Third_Party/FreeRTOS/Source/list.o
                0x08004e22                vListInsert
 .text.uxListRemove
                0x08004e94       0x54 ./Middlewares/Third_Party/FreeRTOS/Source/list.o
                0x08004e94                uxListRemove
 .text.xQueueGenericReset
                0x08004ee8       0xd4 ./Middlewares/Third_Party/FreeRTOS/Source/queue.o
                0x08004ee8                xQueueGenericReset
 .text.xQueueGenericCreateStatic
                0x08004fbc       0xfa ./Middlewares/Third_Party/FreeRTOS/Source/queue.o
                0x08004fbc                xQueueGenericCreateStatic
 .text.xQueueGenericCreate
                0x080050b6       0x76 ./Middlewares/Third_Party/FreeRTOS/Source/queue.o
                0x080050b6                xQueueGenericCreate
 .text.prvInitialiseNewQueue
                0x0800512c       0x46 ./Middlewares/Third_Party/FreeRTOS/Source/queue.o
 *fill*         0x08005172        0x2 
 .text.xQueueGenericSend
                0x08005174      0x204 ./Middlewares/Third_Party/FreeRTOS/Source/queue.o
                0x08005174                xQueueGenericSend
 .text.xQueueGenericSendFromISR
                0x08005378      0x13c ./Middlewares/Third_Party/FreeRTOS/Source/queue.o
                0x08005378                xQueueGenericSendFromISR
 .text.xQueueReceive
                0x080054b4      0x1c4 ./Middlewares/Third_Party/FreeRTOS/Source/queue.o
                0x080054b4                xQueueReceive
 .text.prvCopyDataToQueue
                0x08005678       0xd4 ./Middlewares/Third_Party/FreeRTOS/Source/queue.o
 .text.prvCopyDataFromQueue
                0x0800574c       0x4c ./Middlewares/Third_Party/FreeRTOS/Source/queue.o
 .text.prvUnlockQueue
                0x08005798       0xa4 ./Middlewares/Third_Party/FreeRTOS/Source/queue.o
 .text.prvIsQueueEmpty
                0x0800583c       0x2c ./Middlewares/Third_Party/FreeRTOS/Source/queue.o
 .text.prvIsQueueFull
                0x08005868       0x30 ./Middlewares/Third_Party/FreeRTOS/Source/queue.o
 .text.vQueueAddToRegistry
                0x08005898       0x54 ./Middlewares/Third_Party/FreeRTOS/Source/queue.o
                0x08005898                vQueueAddToRegistry
 .text.vQueueWaitForMessageRestricted
                0x080058ec       0x68 ./Middlewares/Third_Party/FreeRTOS/Source/queue.o
                0x080058ec                vQueueWaitForMessageRestricted
 .text.xTaskCreateStatic
                0x08005954       0xc0 ./Middlewares/Third_Party/FreeRTOS/Source/tasks.o
                0x08005954                xTaskCreateStatic
 .text.xTaskCreate
                0x08005a14       0x8a ./Middlewares/Third_Party/FreeRTOS/Source/tasks.o
                0x08005a14                xTaskCreate
 .text.prvInitialiseNewTask
                0x08005a9e      0x120 ./Middlewares/Third_Party/FreeRTOS/Source/tasks.o
 *fill*         0x08005bbe        0x2 
 .text.prvAddNewTaskToReadyList
                0x08005bc0       0xe0 ./Middlewares/Third_Party/FreeRTOS/Source/tasks.o
 .text.vTaskDelay
                0x08005ca0       0x6c ./Middlewares/Third_Party/FreeRTOS/Source/tasks.o
                0x08005ca0                vTaskDelay
 .text.vTaskStartScheduler
                0x08005d0c       0xd0 ./Middlewares/Third_Party/FreeRTOS/Source/tasks.o
                0x08005d0c                vTaskStartScheduler
 .text.vTaskSuspendAll
                0x08005ddc       0x1c ./Middlewares/Third_Party/FreeRTOS/Source/tasks.o
                0x08005ddc                vTaskSuspendAll
 .text.xTaskResumeAll
                0x08005df8      0x13c ./Middlewares/Third_Party/FreeRTOS/Source/tasks.o
                0x08005df8                xTaskResumeAll
 .text.xTaskGetTickCount
                0x08005f34       0x20 ./Middlewares/Third_Party/FreeRTOS/Source/tasks.o
                0x08005f34                xTaskGetTickCount
 .text.xTaskIncrementTick
                0x08005f54      0x174 ./Middlewares/Third_Party/FreeRTOS/Source/tasks.o
                0x08005f54                xTaskIncrementTick
 .text.vTaskSwitchContext
                0x080060c8       0xbc ./Middlewares/Third_Party/FreeRTOS/Source/tasks.o
                0x080060c8                vTaskSwitchContext
 .text.vTaskPlaceOnEventList
                0x08006184       0x4c ./Middlewares/Third_Party/FreeRTOS/Source/tasks.o
                0x08006184                vTaskPlaceOnEventList
 .text.vTaskPlaceOnEventListRestricted
                0x080061d0       0x58 ./Middlewares/Third_Party/FreeRTOS/Source/tasks.o
                0x080061d0                vTaskPlaceOnEventListRestricted
 .text.xTaskRemoveFromEventList
                0x08006228       0xc8 ./Middlewares/Third_Party/FreeRTOS/Source/tasks.o
                0x08006228                xTaskRemoveFromEventList
 .text.vTaskInternalSetTimeOutState
                0x080062f0       0x2c ./Middlewares/Third_Party/FreeRTOS/Source/tasks.o
                0x080062f0                vTaskInternalSetTimeOutState
 .text.xTaskCheckForTimeOut
                0x0800631c       0xc8 ./Middlewares/Third_Party/FreeRTOS/Source/tasks.o
                0x0800631c                xTaskCheckForTimeOut
 .text.vTaskMissedYield
                0x080063e4       0x18 ./Middlewares/Third_Party/FreeRTOS/Source/tasks.o
                0x080063e4                vTaskMissedYield
 .text.prvIdleTask
                0x080063fc       0x30 ./Middlewares/Third_Party/FreeRTOS/Source/tasks.o
 .text.prvInitialiseTaskLists
                0x0800642c       0x80 ./Middlewares/Third_Party/FreeRTOS/Source/tasks.o
 .text.prvCheckTasksWaitingTermination
                0x080064ac       0x5c ./Middlewares/Third_Party/FreeRTOS/Source/tasks.o
 .text.prvDeleteTCB
                0x08006508       0x60 ./Middlewares/Third_Party/FreeRTOS/Source/tasks.o
 .text.prvResetNextTaskUnblockTime
                0x08006568       0x40 ./Middlewares/Third_Party/FreeRTOS/Source/tasks.o
 .text.xTaskGetSchedulerState
                0x080065a8       0x3c ./Middlewares/Third_Party/FreeRTOS/Source/tasks.o
                0x080065a8                xTaskGetSchedulerState
 .text.xTaskPriorityDisinherit
                0x080065e4       0xe0 ./Middlewares/Third_Party/FreeRTOS/Source/tasks.o
                0x080065e4                xTaskPriorityDisinherit
 .text.prvAddCurrentTaskToDelayedList
                0x080066c4       0xa8 ./Middlewares/Third_Party/FreeRTOS/Source/tasks.o
 .text.xTimerCreateTimerTask
                0x0800676c       0x94 ./Middlewares/Third_Party/FreeRTOS/Source/timers.o
                0x0800676c                xTimerCreateTimerTask
 .text.xTimerGenericCommand
                0x08006800       0x9c ./Middlewares/Third_Party/FreeRTOS/Source/timers.o
                0x08006800                xTimerGenericCommand
 .text.prvProcessExpiredTimer
                0x0800689c       0x9c ./Middlewares/Third_Party/FreeRTOS/Source/timers.o
 .text.prvTimerTask
                0x08006938       0x26 ./Middlewares/Third_Party/FreeRTOS/Source/timers.o
 *fill*         0x0800695e        0x2 
 .text.prvProcessTimerOrBlockTask
                0x08006960       0x9c ./Middlewares/Third_Party/FreeRTOS/Source/timers.o
 .text.prvGetNextExpireTime
                0x080069fc       0x48 ./Middlewares/Third_Party/FreeRTOS/Source/timers.o
 .text.prvSampleTimeNow
                0x08006a44       0x40 ./Middlewares/Third_Party/FreeRTOS/Source/timers.o
 .text.prvInsertTimerInActiveList
                0x08006a84       0x84 ./Middlewares/Third_Party/FreeRTOS/Source/timers.o
 .text.prvProcessReceivedCommands
                0x08006b08      0x1cc ./Middlewares/Third_Party/FreeRTOS/Source/timers.o
 .text.prvSwitchTimerLists
                0x08006cd4       0xcc ./Middlewares/Third_Party/FreeRTOS/Source/timers.o
 .text.prvCheckForValidListAndQueue
                0x08006da0       0x80 ./Middlewares/Third_Party/FreeRTOS/Source/timers.o
 .text.pxPortInitialiseStack
                0x08006e20       0x68 ./Middlewares/Third_Party/FreeRTOS/Source/portable/GCC/ARM_CM4F/port.o
                0x08006e20                pxPortInitialiseStack
 .text.prvTaskExitError
                0x08006e88       0x5c ./Middlewares/Third_Party/FreeRTOS/Source/portable/GCC/ARM_CM4F/port.o
 *fill*         0x08006ee4        0xc 
 .text.SVC_Handler
                0x08006ef0       0x28 ./Middlewares/Third_Party/FreeRTOS/Source/portable/GCC/ARM_CM4F/port.o
                0x08006ef0                SVC_Handler
 .text.prvPortStartFirstTask
                0x08006f18       0x28 ./Middlewares/Third_Party/FreeRTOS/Source/portable/GCC/ARM_CM4F/port.o
 .text.xPortStartScheduler
                0x08006f40      0x148 ./Middlewares/Third_Party/FreeRTOS/Source/portable/GCC/ARM_CM4F/port.o
                0x08006f40                xPortStartScheduler
 .text.vPortEnterCritical
                0x08007088       0x64 ./Middlewares/Third_Party/FreeRTOS/Source/portable/GCC/ARM_CM4F/port.o
                0x08007088                vPortEnterCritical
 .text.vPortExitCritical
                0x080070ec       0x54 ./Middlewares/Third_Party/FreeRTOS/Source/portable/GCC/ARM_CM4F/port.o
                0x080070ec                vPortExitCritical
 .text.PendSV_Handler
                0x08007140       0x68 ./Middlewares/Third_Party/FreeRTOS/Source/portable/GCC/ARM_CM4F/port.o
                0x08007140                PendSV_Handler
 .text.xPortSysTickHandler
                0x080071a8       0x44 ./Middlewares/Third_Party/FreeRTOS/Source/portable/GCC/ARM_CM4F/port.o
                0x080071a8                xPortSysTickHandler
 .text.vPortSetupTimerInterrupt
                0x080071ec       0x48 ./Middlewares/Third_Party/FreeRTOS/Source/portable/GCC/ARM_CM4F/port.o
                0x080071ec                vPortSetupTimerInterrupt
 .text.vPortEnableVFP
                0x08007234       0x14 ./Middlewares/Third_Party/FreeRTOS/Source/portable/GCC/ARM_CM4F/port.o
 .text.vPortValidateInterruptPriority
                0x08007248       0x84 ./Middlewares/Third_Party/FreeRTOS/Source/portable/GCC/ARM_CM4F/port.o
                0x08007248                vPortValidateInterruptPriority
 .text.pvPortMalloc
                0x080072cc      0x19c ./Middlewares/Third_Party/FreeRTOS/Source/portable/MemMang/heap_4.o
                0x080072cc                pvPortMalloc
 .text.vPortFree
                0x08007468       0xc8 ./Middlewares/Third_Party/FreeRTOS/Source/portable/MemMang/heap_4.o
                0x08007468                vPortFree
 .text.prvHeapInit
                0x08007530       0xc4 ./Middlewares/Third_Party/FreeRTOS/Source/portable/MemMang/heap_4.o
 .text.prvInsertBlockIntoFreeList
                0x080075f4       0xb4 ./Middlewares/Third_Party/FreeRTOS/Source/portable/MemMang/heap_4.o
 .text.UI_DrawBackground
                0x080076a8       0x56 ./Src/App/app_main.o
 *fill*         0x080076fe        0x2 
 .text.UI_UpdateBargraph
                0x08007700       0xb4 ./Src/App/app_main.o
 .text.App_DisplayTask
                0x080077b4       0x1e ./Src/App/app_main.o
                0x080077b4                App_DisplayTask
 .text.App_InputTask
                0x080077d2       0x1a ./Src/App/app_main.o
                0x080077d2                App_InputTask
 .text.App_CrsfTask
                0x080077ec       0x14 ./Src/App/app_main.o
                0x080077ec                App_CrsfTask
 .text.Drv_ADC_Start
                0x08007800       0x1c ./Src/Driver/drv_adc.o
                0x08007800                Drv_ADC_Start
 .text.Drv_ADC_GetRaw
                0x0800781c       0x30 ./Src/Driver/drv_adc.o
                0x0800781c                Drv_ADC_GetRaw
 .text.ST7789_WriteCmd
                0x0800784c       0x44 ./Src/Driver/drv_st7789.o
 .text.ST7789_WriteData
                0x08007890       0x44 ./Src/Driver/drv_st7789.o
 .text.ST7789_SetWindow
                0x080078d4       0x98 ./Src/Driver/drv_st7789.o
 .text.ST7789_Init
                0x0800796c       0x5c ./Src/Driver/drv_st7789.o
                0x0800796c                ST7789_Init
 .text.ST7789_FillScreen
                0x080079c8       0xac ./Src/Driver/drv_st7789.o
                0x080079c8                ST7789_FillScreen
 .text.ST7789_FillRect
                0x08007a74       0xb4 ./Src/Driver/drv_st7789.o
                0x08007a74                ST7789_FillRect
 .text.ST7789_DrawRect
                0x08007b28       0x7e ./Src/Driver/drv_st7789.o
                0x08007b28                ST7789_DrawRect
 .text.map_linear
                0x08007ba6       0x64 ./Src/Service/svc_input.o
 .text.map_dual_slope
                0x08007c0a       0xaa ./Src/Service/svc_input.o
 .text.Svc_Input_Init
                0x08007cb4        0xc ./Src/Service/svc_input.o
                0x08007cb4                Svc_Input_Init
 .text.Svc_Input_Update
                0x08007cc0      0x130 ./Src/Service/svc_input.o
                0x08007cc0                Svc_Input_Update
 .text.memset   0x08007df0       0x10 /opt/st/stm32cubeide_1.19.0/plugins/com.st.stm32cube.ide.mcu.externaltools.gnu-tools-for-stm32.13.3.rel1.linux64_1.0.0.202410170706/tools/bin/../lib/gcc/arm-none-eabi/13.3.1/../../../../arm-none-eabi/lib/thumb/v7e-m+fp/hard/libc_nano.a(libc_a-memset.o)
                0x08007df0                memset
 .text.__libc_init_array
                0x08007e00       0x48 /opt/st/stm32cubeide_1.19.0/plugins/com.st.stm32cube.ide.mcu.externaltools.gnu-tools-for-stm32.13.3.rel1.linux64_1.0.0.202410170706/tools/bin/../lib/gcc/arm-none-eabi/13.3.1/../../../../arm-none-eabi/lib/thumb/v7e-m+fp/hard/libc_nano.a(libc_a-init.o)
                0x08007e00                __libc_init_array
 .text.memcpy   0x08007e48       0x1c /opt/st/stm32cubeide_1.19.0/plugins/com.st.stm32cube.ide.mcu.externaltools.gnu-tools-for-stm32.13.3.rel1.linux64_1.0.0.202410170706/tools/bin/../lib/gcc/arm-none-eabi/13.3.1/../../../../arm-none-eabi/lib/thumb/v7e-m+fp/hard/libc_nano.a(libc_a-memcpy-stub.o)
                0x08007e48                memcpy
 *(.glue_7)
 .glue_7        0x08007e64        0x0 linker stubs
 *(.glue_7t)
 .glue_7t       0x08007e64        0x0 linker stubs
 *(.eh_frame)
 .eh_frame      0x08007e64        0x0 /opt/st/stm32cubeide_1.19.0/plugins/com.st.stm32cube.ide.mcu.externaltools.gnu-tools-for-stm32.13.3.rel1.linux64_1.0.0.202410170706/tools/bin/../lib/gcc/arm-none-eabi/13.3.1/thumb/v7e-m+fp/hard/crtbegin.o
 *(.init)
 .init          0x08007e64        0x4 /opt/st/stm32cubeide_1.19.0/plugins/com.st.stm32cube.ide.mcu.externaltools.gnu-tools-for-stm32.13.3.rel1.linux64_1.0.0.202410170706/tools/bin/../lib/gcc/arm-none-eabi/13.3.1/thumb/v7e-m+fp/hard/crti.o
                0x08007e64                _init
 .init          0x08007e68        0x8 /opt/st/stm32cubeide_1.19.0/plugins/com.st.stm32cube.ide.mcu.externaltools.gnu-tools-for-stm32.13.3.rel1.linux64_1.0.0.202410170706/tools/bin/../lib/gcc/arm-none-eabi/13.3.1/thumb/v7e-m+fp/hard/crtn.o
 *(.fini)
 .fini          0x08007e70        0x4 /opt/st/stm32cubeide_1.19.0/plugins/com.st.stm32cube.ide.mcu.externaltools.gnu-tools-for-stm32.13.3.rel1.linux64_1.0.0.202410170706/tools/bin/../lib/gcc/arm-none-eabi/13.3.1/thumb/v7e-m+fp/hard/crti.o
                0x08007e70                _fini
 .fini          0x08007e74        0x8 /opt/st/stm32cubeide_1.19.0/plugins/com.st.stm32cube.ide.mcu.externaltools.gnu-tools-for-stm32.13.3.rel1.linux64_1.0.0.202410170706/tools/bin/../lib/gcc/arm-none-eabi/13.3.1/thumb/v7e-m+fp/hard/crtn.o
                0x08007e7c                        . = ALIGN (0x4)
                0x08007e7c                        _etext = .

.vfp11_veneer   0x08007e7c        0x0
 .vfp11_veneer  0x08007e7c        0x0 linker stubs

.v4_bx          0x08007e7c        0x0
 .v4_bx         0x08007e7c        0x0 linker stubs

.iplt           0x08007e7c        0x0
 .iplt          0x08007e7c        0x0 /opt/st/stm32cubeide_1.19.0/plugins/com.st.stm32cube.ide.mcu.externaltools.gnu-tools-for-stm32.13.3.rel1.linux64_1.0.0.202410170706/tools/bin/../lib/gcc/arm-none-eabi/13.3.1/thumb/v7e-m+fp/hard/crtbegin.o

.rodata         0x08007e7c      0x128
                0x08007e7c                        . = ALIGN (0x4)
 *(.rodata)
 .rodata        0x08007e7c       0x40 ./Core/Src/freertos.o
 .rodata        0x08007ebc        0x5 ./Middlewares/Third_Party/FreeRTOS/Source/tasks.o
 *fill*         0x08007ec1        0x3 
 .rodata        0x08007ec4        0xd ./Middlewares/Third_Party/FreeRTOS/Source/timers.o
 *(.rodata*)
 *fill*         0x08007ed1        0x3 
 .rodata.DisplayTask_attributes
                0x08007ed4       0x24 ./Core/Src/freertos.o
                0x08007ed4                DisplayTask_attributes
 .rodata.InputTask_attributes
                0x08007ef8       0x24 ./Core/Src/freertos.o
                0x08007ef8                InputTask_attributes
 .rodata.CrsfTask_attributes
                0x08007f1c       0x24 ./Core/Src/freertos.o
                0x08007f1c                CrsfTask_attributes
 .rodata.TelemetryTask_attributes
                0x08007f40       0x24 ./Core/Src/freertos.o
                0x08007f40                TelemetryTask_attributes
 .rodata.rcDataQueue_attributes
                0x08007f64       0x18 ./Core/Src/freertos.o
                0x08007f64                rcDataQueue_attributes
 .rodata.AHBPrescTable
                0x08007f7c       0x10 ./Core/Src/system_stm32f4xx.o
                0x08007f7c                AHBPrescTable
 .rodata.APBPrescTable
                0x08007f8c        0x8 ./Core/Src/system_stm32f4xx.o
                0x08007f8c                APBPrescTable
 .rodata.flagBitshiftOffset.0
                0x08007f94        0x8 ./Drivers/STM32F4xx_HAL_Driver/Src/stm32f4xx_hal_dma.o
 .rodata.AXIS_COLOR
                0x08007f9c        0x8 ./Src/App/app_main.o
                0x08007fa4                        . = ALIGN (0x4)

.ARM.extab      0x08007fa4        0x0
                0x08007fa4                        . = ALIGN (0x4)
 *(.ARM.extab* .gnu.linkonce.armextab.*)
                0x08007fa4                        . = ALIGN (0x4)

.ARM            0x08007fa4        0x8
                0x08007fa4                        . = ALIGN (0x4)
                0x08007fa4                        __exidx_start = .
 *(.ARM.exidx*)
 .ARM.exidx     0x08007fa4        0x8 /opt/st/stm32cubeide_1.19.0/plugins/com.st.stm32cube.ide.mcu.externaltools.gnu-tools-for-stm32.13.3.rel1.linux64_1.0.0.202410170706/tools/bin/../lib/gcc/arm-none-eabi/13.3.1/thumb/v7e-m+fp/hard/libgcc.a(_udivmoddi4.o)
                0x08007fac                        __exidx_end = .
                0x08007fac                        . = ALIGN (0x4)

.preinit_array  0x08007fac        0x0
                0x08007fac                        . = ALIGN (0x4)
                0x08007fac                        PROVIDE (__preinit_array_start = .)
 *(.preinit_array*)
                0x08007fac                        PROVIDE (__preinit_array_end = .)
                0x08007fac                        . = ALIGN (0x4)

.init_array     0x08007fac        0x4
                0x08007fac                        . = ALIGN (0x4)
                0x08007fac                        PROVIDE (__init_array_start = .)
 *(SORT_BY_NAME(.init_array.*))
 *(.init_array*)
 .init_array    0x08007fac        0x4 /opt/st/stm32cubeide_1.19.0/plugins/com.st.stm32cube.ide.mcu.externaltools.gnu-tools-for-stm32.13.3.rel1.linux64_1.0.0.202410170706/tools/bin/../lib/gcc/arm-none-eabi/13.3.1/thumb/v7e-m+fp/hard/crtbegin.o
                0x08007fb0                        PROVIDE (__init_array_end = .)
                0x08007fb0                        . = ALIGN (0x4)

.fini_array     0x08007fb0        0x4
                0x08007fb0                        . = ALIGN (0x4)
                [!provide]                        PROVIDE (__fini_array_start = .)
 *(SORT_BY_NAME(.fini_array.*))
 *(.fini_array*)
 .fini_array    0x08007fb0        0x4 /opt/st/stm32cubeide_1.19.0/plugins/com.st.stm32cube.ide.mcu.externaltools.gnu-tools-for-stm32.13.3.rel1.linux64_1.0.0.202410170706/tools/bin/../lib/gcc/arm-none-eabi/13.3.1/thumb/v7e-m+fp/hard/crtbegin.o
                [!provide]                        PROVIDE (__fini_array_end = .)
                0x08007fb4                        . = ALIGN (0x4)
                0x08007fb4                        _sidata = LOADADDR (.data)

.rel.dyn        0x08007fb4        0x0
 .rel.iplt      0x08007fb4        0x0 /opt/st/stm32cubeide_1.19.0/plugins/com.st.stm32cube.ide.mcu.externaltools.gnu-tools-for-stm32.13.3.rel1.linux64_1.0.0.202410170706/tools/bin/../lib/gcc/arm-none-eabi/13.3.1/thumb/v7e-m+fp/hard/crtbegin.o

.data           0x20000000       0x40 load address 0x08007fb4
                0x20000000                        . = ALIGN (0x4)
                0x20000000                        _sdata = .
 *(.data)
 *(.data*)
 .data.SystemCoreClock
                0x20000000        0x4 ./Core/Src/system_stm32f4xx.o
                0x20000000                SystemCoreClock
 .data.uwTickPrio
                0x20000004        0x4 ./Drivers/STM32F4xx_HAL_Driver/Src/stm32f4xx_hal.o
                0x20000004                uwTickPrio
 .data.uwTickFreq
                0x20000008        0x1 ./Drivers/STM32F4xx_HAL_Driver/Src/stm32f4xx_hal.o
                0x20000008                uwTickFreq
 *fill*         0x20000009        0x3 
 .data.uxCriticalNesting
                0x2000000c        0x4 ./Middlewares/Third_Party/FreeRTOS/Source/portable/GCC/ARM_CM4F/port.o
 .data.g_axes   0x20000010       0x30 ./Src/Service/svc_input.o
                0x20000010                g_axes
 *(.RamFunc)
 *(.RamFunc*)
                0x20000040                        . = ALIGN (0x4)
                0x20000040                        _edata = .

.igot.plt       0x20000040        0x0 load address 0x08007ff4
 .igot.plt      0x20000040        0x0 /opt/st/stm32cubeide_1.19.0/plugins/com.st.stm32cube.ide.mcu.externaltools.gnu-tools-for-stm32.13.3.rel1.linux64_1.0.0.202410170706/tools/bin/../lib/gcc/arm-none-eabi/13.3.1/thumb/v7e-m+fp/hard/crtbegin.o
                0x20000040                        . = ALIGN (0x4)

.bss            0x20000040     0x5fac load address 0x08007ff4
                0x20000040                        _sbss = .
                0x20000040                        __bss_start__ = _sbss
 *(.bss)
 .bss           0x20000040       0x1c /opt/st/stm32cubeide_1.19.0/plugins/com.st.stm32cube.ide.mcu.externaltools.gnu-tools-for-stm32.13.3.rel1.linux64_1.0.0.202410170706/tools/bin/../lib/gcc/arm-none-eabi/13.3.1/thumb/v7e-m+fp/hard/crtbegin.o
 *(.bss*)
 .bss.hadc1     0x2000005c       0x48 ./Core/Src/adc.o
                0x2000005c                hadc1
 .bss.hdma_adc1
                0x200000a4       0x60 ./Core/Src/adc.o
                0x200000a4                hdma_adc1
 .bss.DisplayTaskHandle
                0x20000104        0x4 ./Core/Src/freertos.o
                0x20000104                DisplayTaskHandle
 .bss.InputTaskHandle
                0x20000108        0x4 ./Core/Src/freertos.o
                0x20000108                InputTaskHandle
 .bss.CrsfTaskHandle
                0x2000010c        0x4 ./Core/Src/freertos.o
                0x2000010c                CrsfTaskHandle
 .bss.TelemetryTaskHandle
                0x20000110        0x4 ./Core/Src/freertos.o
                0x20000110                TelemetryTaskHandle
 .bss.rcDataQueueHandle
                0x20000114        0x4 ./Core/Src/freertos.o
                0x20000114                rcDataQueueHandle
 .bss.hspi1     0x20000118       0x58 ./Core/Src/spi.o
                0x20000118                hspi1
 .bss.htim11    0x20000170       0x48 ./Core/Src/stm32f4xx_hal_timebase_tim.o
                0x20000170                htim11
 .bss.htim3     0x200001b8       0x48 ./Core/Src/tim.o
                0x200001b8                htim3
 .bss.htim4     0x20000200       0x48 ./Core/Src/tim.o
                0x20000200                htim4
 .bss.huart1    0x20000248       0x48 ./Core/Src/usart.o
                0x20000248                huart1
 .bss.uwTick    0x20000290        0x4 ./Drivers/STM32F4xx_HAL_Driver/Src/stm32f4xx_hal.o
                0x20000290                uwTick
 .bss.KernelState
                0x20000294        0x4 ./Middlewares/Third_Party/FreeRTOS/Source/CMSIS_RTOS_V2/cmsis_os2.o
 .bss.Idle_TCB.3
                0x20000298       0x5c ./Middlewares/Third_Party/FreeRTOS/Source/CMSIS_RTOS_V2/cmsis_os2.o
 .bss.Idle_Stack.2
                0x200002f4      0x200 ./Middlewares/Third_Party/FreeRTOS/Source/CMSIS_RTOS_V2/cmsis_os2.o
 .bss.Timer_TCB.1
                0x200004f4       0x5c ./Middlewares/Third_Party/FreeRTOS/Source/CMSIS_RTOS_V2/cmsis_os2.o
 .bss.Timer_Stack.0
                0x20000550      0x400 ./Middlewares/Third_Party/FreeRTOS/Source/CMSIS_RTOS_V2/cmsis_os2.o
 .bss.xQueueRegistry
                0x20000950       0x40 ./Middlewares/Third_Party/FreeRTOS/Source/queue.o
                0x20000950                xQueueRegistry
 .bss.pxCurrentTCB
                0x20000990        0x4 ./Middlewares/Third_Party/FreeRTOS/Source/tasks.o
                0x20000990                pxCurrentTCB
 .bss.pxReadyTasksLists
                0x20000994      0x460 ./Middlewares/Third_Party/FreeRTOS/Source/tasks.o
 .bss.xDelayedTaskList1
                0x20000df4       0x14 ./Middlewares/Third_Party/FreeRTOS/Source/tasks.o
 .bss.xDelayedTaskList2
                0x20000e08       0x14 ./Middlewares/Third_Party/FreeRTOS/Source/tasks.o
 .bss.pxDelayedTaskList
                0x20000e1c        0x4 ./Middlewares/Third_Party/FreeRTOS/Source/tasks.o
 .bss.pxOverflowDelayedTaskList
                0x20000e20        0x4 ./Middlewares/Third_Party/FreeRTOS/Source/tasks.o
 .bss.xPendingReadyList
                0x20000e24       0x14 ./Middlewares/Third_Party/FreeRTOS/Source/tasks.o
 .bss.xTasksWaitingTermination
                0x20000e38       0x14 ./Middlewares/Third_Party/FreeRTOS/Source/tasks.o
 .bss.uxDeletedTasksWaitingCleanUp
                0x20000e4c        0x4 ./Middlewares/Third_Party/FreeRTOS/Source/tasks.o
 .bss.xSuspendedTaskList
                0x20000e50       0x14 ./Middlewares/Third_Party/FreeRTOS/Source/tasks.o
 .bss.uxCurrentNumberOfTasks
                0x20000e64        0x4 ./Middlewares/Third_Party/FreeRTOS/Source/tasks.o
 .bss.xTickCount
                0x20000e68        0x4 ./Middlewares/Third_Party/FreeRTOS/Source/tasks.o
 .bss.uxTopReadyPriority
                0x20000e6c        0x4 ./Middlewares/Third_Party/FreeRTOS/Source/tasks.o
 .bss.xSchedulerRunning
                0x20000e70        0x4 ./Middlewares/Third_Party/FreeRTOS/Source/tasks.o
 .bss.xPendedTicks
                0x20000e74        0x4 ./Middlewares/Third_Party/FreeRTOS/Source/tasks.o
 .bss.xYieldPending
                0x20000e78        0x4 ./Middlewares/Third_Party/FreeRTOS/Source/tasks.o
 .bss.xNumOfOverflows
                0x20000e7c        0x4 ./Middlewares/Third_Party/FreeRTOS/Source/tasks.o
 .bss.uxTaskNumber
                0x20000e80        0x4 ./Middlewares/Third_Party/FreeRTOS/Source/tasks.o
 .bss.xNextTaskUnblockTime
                0x20000e84        0x4 ./Middlewares/Third_Party/FreeRTOS/Source/tasks.o
 .bss.xIdleTaskHandle
                0x20000e88        0x4 ./Middlewares/Third_Party/FreeRTOS/Source/tasks.o
 .bss.uxSchedulerSuspended
                0x20000e8c        0x4 ./Middlewares/Third_Party/FreeRTOS/Source/tasks.o
 .bss.xActiveTimerList1
                0x20000e90       0x14 ./Middlewares/Third_Party/FreeRTOS/Source/timers.o
 .bss.xActiveTimerList2
                0x20000ea4       0x14 ./Middlewares/Third_Party/FreeRTOS/Source/timers.o
 .bss.pxCurrentTimerList
                0x20000eb8        0x4 ./Middlewares/Third_Party/FreeRTOS/Source/timers.o
 .bss.pxOverflowTimerList
                0x20000ebc        0x4 ./Middlewares/Third_Party/FreeRTOS/Source/timers.o
 .bss.xTimerQueue
                0x20000ec0        0x4 ./Middlewares/Third_Party/FreeRTOS/Source/timers.o
 .bss.xTimerTaskHandle
                0x20000ec4        0x4 ./Middlewares/Third_Party/FreeRTOS/Source/timers.o
 .bss.xLastTime.2
                0x20000ec8        0x4 ./Middlewares/Third_Party/FreeRTOS/Source/timers.o
 .bss.ucStaticTimerQueueStorage.1
                0x20000ecc       0xa0 ./Middlewares/Third_Party/FreeRTOS/Source/timers.o
 .bss.xStaticTimerQueue.0
                0x20000f6c       0x50 ./Middlewares/Third_Party/FreeRTOS/Source/timers.o
 .bss.ucMaxSysCallPriority
                0x20000fbc        0x1 ./Middlewares/Third_Party/FreeRTOS/Source/portable/GCC/ARM_CM4F/port.o
 *fill*         0x20000fbd        0x3 
 .bss.ulMaxPRIGROUPValue
                0x20000fc0        0x4 ./Middlewares/Third_Party/FreeRTOS/Source/portable/GCC/ARM_CM4F/port.o
 .bss.ucHeap    0x20000fc4     0x5000 ./Middlewares/Third_Party/FreeRTOS/Source/portable/MemMang/heap_4.o
 .bss.xStart    0x20005fc4        0x8 ./Middlewares/Third_Party/FreeRTOS/Source/portable/MemMang/heap_4.o
 .bss.pxEnd     0x20005fcc        0x4 ./Middlewares/Third_Party/FreeRTOS/Source/portable/MemMang/heap_4.o
 .bss.xFreeBytesRemaining
                0x20005fd0        0x4 ./Middlewares/Third_Party/FreeRTOS/Source/portable/MemMang/heap_4.o
 .bss.xMinimumEverFreeBytesRemaining
                0x20005fd4        0x4 ./Middlewares/Third_Party/FreeRTOS/Source/portable/MemMang/heap_4.o
 .bss.xNumberOfSuccessfulAllocations
                0x20005fd8        0x4 ./Middlewares/Third_Party/FreeRTOS/Source/portable/MemMang/heap_4.o
 .bss.xNumberOfSuccessfulFrees
                0x20005fdc        0x4 ./Middlewares/Third_Party/FreeRTOS/Source/portable/MemMang/heap_4.o
 .bss.xBlockAllocatedBit
                0x20005fe0        0x4 ./Middlewares/Third_Party/FreeRTOS/Source/portable/MemMang/heap_4.o
 .bss.adc_raw   0x20005fe4        0x8 ./Src/Driver/drv_adc.o
 *(COMMON)
                0x20005fec                        . = ALIGN (0x4)
                0x20005fec                        _ebss = .
                0x20005fec                        __bss_end__ = _ebss

._user_heap_stack
                0x20005fec      0x604 load address 0x08007ff4
                0x20005ff0                        . = ALIGN (0x8)
 *fill*         0x20005fec        0x4 
                [!provide]                        PROVIDE (end = .)
                0x20005ff0                        PROVIDE (_end = .)
                0x200061f0                        . = (. + _Min_Heap_Size)
 *fill*         0x20005ff0      0x200 
                0x200065f0                        . = (. + _Min_Stack_Size)
 *fill*         0x200061f0      0x400 
                0x200065f0                        . = ALIGN (0x8)

/DISCARD/
 libc.a(*)
 libm.a(*)
 libgcc.a(*)

.ARM.attributes
                0x00000000       0x30
 *(.ARM.attributes)
 .ARM.attributes
                0x00000000       0x22 /opt/st/stm32cubeide_1.19.0/plugins/com.st.stm32cube.ide.mcu.externaltools.gnu-tools-for-stm32.13.3.rel1.linux64_1.0.0.202410170706/tools/bin/../lib/gcc/arm-none-eabi/13.3.1/thumb/v7e-m+fp/hard/crti.o
 .ARM.attributes
                0x00000022       0x34 /opt/st/stm32cubeide_1.19.0/plugins/com.st.stm32cube.ide.mcu.externaltools.gnu-tools-for-stm32.13.3.rel1.linux64_1.0.0.202410170706/tools/bin/../lib/gcc/arm-none-eabi/13.3.1/thumb/v7e-m+fp/hard/crtbegin.o
 .ARM.attributes
                0x00000056       0x34 ./Core/Src/adc.o
 .ARM.attributes
                0x0000008a       0x34 ./Core/Src/dma.o
 .ARM.attributes
                0x000000be       0x34 ./Core/Src/freertos.o
 .ARM.attributes
                0x000000f2       0x34 ./Core/Src/gpio.o
 .ARM.attributes
                0x00000126       0x34 ./Core/Src/main.o
 .ARM.attributes
                0x0000015a       0x34 ./Core/Src/spi.o
 .ARM.attributes
                0x0000018e       0x34 ./Core/Src/stm32f4xx_hal_msp.o
 .ARM.attributes
                0x000001c2       0x34 ./Core/Src/stm32f4xx_hal_timebase_tim.o
 .ARM.attributes
                0x000001f6       0x34 ./Core/Src/stm32f4xx_it.o
 .ARM.attributes
                0x0000022a       0x34 ./Core/Src/system_stm32f4xx.o
 .ARM.attributes
                0x0000025e       0x34 ./Core/Src/tim.o
 .ARM.attributes
                0x00000292       0x34 ./Core/Src/usart.o
 .ARM.attributes
                0x000002c6       0x21 ./Core/Startup/startup_stm32f411ceux.o
 .ARM.attributes
                0x000002e7       0x34 ./Drivers/STM32F4xx_HAL_Driver/Src/stm32f4xx_hal.o
 .ARM.attributes
                0x0000031b       0x34 ./Drivers/STM32F4xx_HAL_Driver/Src/stm32f4xx_hal_adc.o
 .ARM.attributes
                0x0000034f       0x34 ./Drivers/STM32F4xx_HAL_Driver/Src/stm32f4xx_hal_cortex.o
 .ARM.attributes
                0x00000383       0x34 ./Drivers/STM32F4xx_HAL_Driver/Src/stm32f4xx_hal_dma.o
 .ARM.attributes
                0x000003b7       0x34 ./Drivers/STM32F4xx_HAL_Driver/Src/stm32f4xx_hal_gpio.o
 .ARM.attributes
                0x000003eb       0x34 ./Drivers/STM32F4xx_HAL_Driver/Src/stm32f4xx_hal_rcc.o
 .ARM.attributes
                0x0000041f       0x34 ./Drivers/STM32F4xx_HAL_Driver/Src/stm32f4xx_hal_spi.o
 .ARM.attributes
                0x00000453       0x34 ./Drivers/STM32F4xx_HAL_Driver/Src/stm32f4xx_hal_tim.o
 .ARM.attributes
                0x00000487       0x34 ./Drivers/STM32F4xx_HAL_Driver/Src/stm32f4xx_hal_tim_ex.o
 .ARM.attributes
                0x000004bb       0x34 ./Drivers/STM32F4xx_HAL_Driver/Src/stm32f4xx_hal_uart.o
 .ARM.attributes
                0x000004ef       0x34 ./Middlewares/Third_Party/FreeRTOS/Source/CMSIS_RTOS_V2/cmsis_os2.o
 .ARM.attributes
                0x00000523       0x34 ./Middlewares/Third_Party/FreeRTOS/Source/list.o
 .ARM.attributes
                0x00000557       0x34 ./Middlewares/Third_Party/FreeRTOS/Source/queue.o
 .ARM.attributes
                0x0000058b       0x34 ./Middlewares/Third_Party/FreeRTOS/Source/tasks.o
 .ARM.attributes
                0x000005bf       0x34 ./Middlewares/Third_Party/FreeRTOS/Source/timers.o
 .ARM.attributes
                0x000005f3       0x34 ./Middlewares/Third_Party/FreeRTOS/Source/portable/GCC/ARM_CM4F/port.o
 .ARM.attributes
                0x00000627       0x34 ./Middlewares/Third_Party/FreeRTOS/Source/portable/MemMang/heap_4.o
 .ARM.attributes
                0x0000065b       0x34 ./Src/App/app_main.o
 .ARM.attributes
                0x0000068f       0x34 ./Src/Driver/drv_adc.o
 .ARM.attributes
                0x000006c3       0x34 ./Src/Driver/drv_st7789.o
 .ARM.attributes
                0x000006f7       0x34 ./Src/Service/svc_input.o
 .ARM.attributes
                0x0000072b       0x34 /opt/st/stm32cubeide_1.19.0/plugins/com.st.stm32cube.ide.mcu.externaltools.gnu-tools-for-stm32.13.3.rel1.linux64_1.0.0.202410170706/tools/bin/../lib/gcc/arm-none-eabi/13.3.1/../../../../arm-none-eabi/lib/thumb/v7e-m+fp/hard/libc_nano.a(libc_a-memset.o)
 .ARM.attributes
                0x0000075f       0x34 /opt/st/stm32cubeide_1.19.0/plugins/com.st.stm32cube.ide.mcu.externaltools.gnu-tools-for-stm32.13.3.rel1.linux64_1.0.0.202410170706/tools/bin/../lib/gcc/arm-none-eabi/13.3.1/../../../../arm-none-eabi/lib/thumb/v7e-m+fp/hard/libc_nano.a(libc_a-init.o)
 .ARM.attributes
                0x00000793       0x34 /opt/st/stm32cubeide_1.19.0/plugins/com.st.stm32cube.ide.mcu.externaltools.gnu-tools-for-stm32.13.3.rel1.linux64_1.0.0.202410170706/tools/bin/../lib/gcc/arm-none-eabi/13.3.1/../../../../arm-none-eabi/lib/thumb/v7e-m+fp/hard/libc_nano.a(libc_a-memcpy-stub.o)
 .ARM.attributes
                0x000007c7       0x22 /opt/st/stm32cubeide_1.19.0/plugins/com.st.stm32cube.ide.mcu.externaltools.gnu-tools-for-stm32.13.3.rel1.linux64_1.0.0.202410170706/tools/bin/../lib/gcc/arm-none-eabi/13.3.1/thumb/v7e-m+fp/hard/libgcc.a(_aeabi_uldivmod.o)
 .ARM.attributes
                0x000007e9       0x34 /opt/st/stm32cubeide_1.19.0/plugins/com.st.stm32cube.ide.mcu.externaltools.gnu-tools-for-stm32.13.3.rel1.linux64_1.0.0.202410170706/tools/bin/../lib/gcc/arm-none-eabi/13.3.1/thumb/v7e-m+fp/hard/libgcc.a(_udivmoddi4.o)
 .ARM.attributes
                0x0000081d       0x22 /opt/st/stm32cubeide_1.19.0/plugins/com.st.stm32cube.ide.mcu.externaltools.gnu-tools-for-stm32.13.3.rel1.linux64_1.0.0.202410170706/tools/bin/../lib/gcc/arm-none-eabi/13.3.1/thumb/v7e-m+fp/hard/libgcc.a(_dvmd_tls.o)
 .ARM.attributes
                0x0000083f       0x22 /opt/st/stm32cubeide_1.19.0/plugins/com.st.stm32cube.ide.mcu.externaltools.gnu-tools-for-stm32.13.3.rel1.linux64_1.0.0.202410170706/tools/bin/../lib/gcc/arm-none-eabi/13.3.1/thumb/v7e-m+fp/hard/crtn.o
OUTPUT(MinTX.elf elf32-littlearm)
LOAD linker stubs
LOAD /opt/st/stm32cubeide_1.19.0/plugins/com.st.stm32cube.ide.mcu.externaltools.gnu-tools-for-stm32.13.3.rel1.linux64_1.0.0.202410170706/tools/bin/../lib/gcc/arm-none-eabi/13.3.1/../../../../arm-none-eabi/lib/thumb/v7e-m+fp/hard/libc.a
LOAD /opt/st/stm32cubeide_1.19.0/plugins/com.st.stm32cube.ide.mcu.externaltools.gnu-tools-for-stm32.13.3.rel1.linux64_1.0.0.202410170706/tools/bin/../lib/gcc/arm-none-eabi/13.3.1/../../../../arm-none-eabi/lib/thumb/v7e-m+fp/hard/libm.a
LOAD /opt/st/stm32cubeide_1.19.0/plugins/com.st.stm32cube.ide.mcu.externaltools.gnu-tools-for-stm32.13.3.rel1.linux64_1.0.0.202410170706/tools/bin/../lib/gcc/arm-none-eabi/13.3.1/thumb/v7e-m+fp/hard/libgcc.a

.debug_info     0x00000000    0x1ce5c
 .debug_info    0x00000000      0xa22 ./Core/Src/adc.o
 .debug_info    0x00000a22      0x445 ./Core/Src/dma.o
 .debug_info    0x00000e67      0x547 ./Core/Src/freertos.o
 .debug_info    0x000013ae      0x417 ./Core/Src/gpio.o
 .debug_info    0x000017c5      0xb7b ./Core/Src/main.o
 .debug_info    0x00002340      0x980 ./Core/Src/spi.o
 .debug_info    0x00002cc0      0x44f ./Core/Src/stm32f4xx_hal_msp.o
 .debug_info    0x0000310f      0xb75 ./Core/Src/stm32f4xx_hal_timebase_tim.o
 .debug_info    0x00003c84      0x97c ./Core/Src/stm32f4xx_it.o
 .debug_info    0x00004600      0x53e ./Core/Src/system_stm32f4xx.o
 .debug_info    0x00004b3e      0xbec ./Core/Src/tim.o
 .debug_info    0x0000572a      0xb2e ./Core/Src/usart.o
 .debug_info    0x00006258       0x30 ./Core/Startup/startup_stm32f411ceux.o
 .debug_info    0x00006288      0x8c4 ./Drivers/STM32F4xx_HAL_Driver/Src/stm32f4xx_hal.o
 .debug_info    0x00006b4c      0xce0 ./Drivers/STM32F4xx_HAL_Driver/Src/stm32f4xx_hal_adc.o
 .debug_info    0x0000782c      0xcfc ./Drivers/STM32F4xx_HAL_Driver/Src/stm32f4xx_hal_cortex.o
 .debug_info    0x00008528      0x8e6 ./Drivers/STM32F4xx_HAL_Driver/Src/stm32f4xx_hal_dma.o
 .debug_info    0x00008e0e      0x6f9 ./Drivers/STM32F4xx_HAL_Driver/Src/stm32f4xx_hal_gpio.o
 .debug_info    0x00009507      0x904 ./Drivers/STM32F4xx_HAL_Driver/Src/stm32f4xx_hal_rcc.o
 .debug_info    0x00009e0b     0x1530 ./Drivers/STM32F4xx_HAL_Driver/Src/stm32f4xx_hal_spi.o
 .debug_info    0x0000b33b     0x2996 ./Drivers/STM32F4xx_HAL_Driver/Src/stm32f4xx_hal_tim.o
 .debug_info    0x0000dcd1     0x14d4 ./Drivers/STM32F4xx_HAL_Driver/Src/stm32f4xx_hal_tim_ex.o
 .debug_info    0x0000f1a5     0x2f56 ./Drivers/STM32F4xx_HAL_Driver/Src/stm32f4xx_hal_uart.o
 .debug_info    0x000120fb     0x39dd ./Middlewares/Third_Party/FreeRTOS/Source/CMSIS_RTOS_V2/cmsis_os2.o
 .debug_info    0x00015ad8      0x2af ./Middlewares/Third_Party/FreeRTOS/Source/list.o
 .debug_info    0x00015d87     0x1b79 ./Middlewares/Third_Party/FreeRTOS/Source/queue.o
 .debug_info    0x00017900     0x21ec ./Middlewares/Third_Party/FreeRTOS/Source/tasks.o
 .debug_info    0x00019aec     0x1488 ./Middlewares/Third_Party/FreeRTOS/Source/timers.o
 .debug_info    0x0001af74      0x4de ./Middlewares/Third_Party/FreeRTOS/Source/portable/GCC/ARM_CM4F/port.o
 .debug_info    0x0001b452      0x4d5 ./Middlewares/Third_Party/FreeRTOS/Source/portable/MemMang/heap_4.o
 .debug_info    0x0001b927      0x34c ./Src/App/app_main.o
 .debug_info    0x0001bc73      0x64c ./Src/Driver/drv_adc.o
 .debug_info    0x0001c2bf      0x91c ./Src/Driver/drv_st7789.o
 .debug_info    0x0001cbdb      0x281 ./Src/Service/svc_input.o

.debug_abbrev   0x00000000     0x4907
 .debug_abbrev  0x00000000      0x204 ./Core/Src/adc.o
 .debug_abbrev  0x00000204      0x10e ./Core/Src/dma.o
 .debug_abbrev  0x00000312      0x176 ./Core/Src/freertos.o
 .debug_abbrev  0x00000488      0x151 ./Core/Src/gpio.o
 .debug_abbrev  0x000005d9      0x24d ./Core/Src/main.o
 .debug_abbrev  0x00000826      0x1f8 ./Core/Src/spi.o
 .debug_abbrev  0x00000a1e      0x119 ./Core/Src/stm32f4xx_hal_msp.o
 .debug_abbrev  0x00000b37      0x207 ./Core/Src/stm32f4xx_hal_timebase_tim.o
 .debug_abbrev  0x00000d3e      0x19b ./Core/Src/stm32f4xx_it.o
 .debug_abbrev  0x00000ed9      0x11a ./Core/Src/system_stm32f4xx.o
 .debug_abbrev  0x00000ff3      0x20f ./Core/Src/tim.o
 .debug_abbrev  0x00001202      0x217 ./Core/Src/usart.o
 .debug_abbrev  0x00001419       0x24 ./Core/Startup/startup_stm32f411ceux.o
 .debug_abbrev  0x0000143d      0x24b ./Drivers/STM32F4xx_HAL_Driver/Src/stm32f4xx_hal.o
 .debug_abbrev  0x00001688      0x20e ./Drivers/STM32F4xx_HAL_Driver/Src/stm32f4xx_hal_adc.o
 .debug_abbrev  0x00001896      0x31d ./Drivers/STM32F4xx_HAL_Driver/Src/stm32f4xx_hal_cortex.o
 .debug_abbrev  0x00001bb3      0x221 ./Drivers/STM32F4xx_HAL_Driver/Src/stm32f4xx_hal_dma.o
 .debug_abbrev  0x00001dd4      0x1d3 ./Drivers/STM32F4xx_HAL_Driver/Src/stm32f4xx_hal_gpio.o
 .debug_abbrev  0x00001fa7      0x2b6 ./Drivers/STM32F4xx_HAL_Driver/Src/stm32f4xx_hal_rcc.o
 .debug_abbrev  0x0000225d      0x276 ./Drivers/STM32F4xx_HAL_Driver/Src/stm32f4xx_hal_spi.o
 .debug_abbrev  0x000024d3      0x28b ./Drivers/STM32F4xx_HAL_Driver/Src/stm32f4xx_hal_tim.o
 .debug_abbrev  0x0000275e      0x296 ./Drivers/STM32F4xx_HAL_Driver/Src/stm32f4xx_hal_tim_ex.o
 .debug_abbrev  0x000029f4      0x31b ./Drivers/STM32F4xx_HAL_Driver/Src/stm32f4xx_hal_uart.o
 .debug_abbrev  0x00002d0f      0x520 ./Middlewares/Third_Party/FreeRTOS/Source/CMSIS_RTOS_V2/cmsis_os2.o
 .debug_abbrev  0x0000322f       0xf5 ./Middlewares/Third_Party/FreeRTOS/Source/list.o
 .debug_abbrev  0x00003324      0x3b6 ./Middlewares/Third_Party/FreeRTOS/Source/queue.o
 .debug_abbrev  0x000036da      0x386 ./Middlewares/Third_Party/FreeRTOS/Source/tasks.o
 .debug_abbrev  0x00003a60      0x352 ./Middlewares/Third_Party/FreeRTOS/Source/timers.o
 .debug_abbrev  0x00003db2      0x25c ./Middlewares/Third_Party/FreeRTOS/Source/portable/GCC/ARM_CM4F/port.o
 .debug_abbrev  0x0000400e      0x21d ./Middlewares/Third_Party/FreeRTOS/Source/portable/MemMang/heap_4.o
 .debug_abbrev  0x0000422b      0x1d8 ./Src/App/app_main.o
 .debug_abbrev  0x00004403      0x15b ./Src/Driver/drv_adc.o
 .debug_abbrev  0x0000455e      0x231 ./Src/Driver/drv_st7789.o
 .debug_abbrev  0x0000478f      0x178 ./Src/Service/svc_input.o

.debug_aranges  0x00000000     0x1918
 .debug_aranges
                0x00000000       0x30 ./Core/Src/adc.o
 .debug_aranges
                0x00000030       0x20 ./Core/Src/dma.o
 .debug_aranges
                0x00000050       0x40 ./Core/Src/freertos.o
 .debug_aranges
                0x00000090       0x20 ./Core/Src/gpio.o
 .debug_aranges
                0x000000b0       0x38 ./Core/Src/main.o
 .debug_aranges
                0x000000e8       0x30 ./Core/Src/spi.o
 .debug_aranges
                0x00000118       0x20 ./Core/Src/stm32f4xx_hal_msp.o
 .debug_aranges
                0x00000138       0x30 ./Core/Src/stm32f4xx_hal_timebase_tim.o
 .debug_aranges
                0x00000168       0x60 ./Core/Src/stm32f4xx_it.o
 .debug_aranges
                0x000001c8       0x28 ./Core/Src/system_stm32f4xx.o
 .debug_aranges
                0x000001f0       0x38 ./Core/Src/tim.o
 .debug_aranges
                0x00000228       0x30 ./Core/Src/usart.o
 .debug_aranges
                0x00000258       0x28 ./Core/Startup/startup_stm32f411ceux.o
 .debug_aranges
                0x00000280       0xf0 ./Drivers/STM32F4xx_HAL_Driver/Src/stm32f4xx_hal.o
 .debug_aranges
                0x00000370       0xe8 ./Drivers/STM32F4xx_HAL_Driver/Src/stm32f4xx_hal_adc.o
 .debug_aranges
                0x00000458      0x130 ./Drivers/STM32F4xx_HAL_Driver/Src/stm32f4xx_hal_cortex.o
 .debug_aranges
                0x00000588       0x90 ./Drivers/STM32F4xx_HAL_Driver/Src/stm32f4xx_hal_dma.o
 .debug_aranges
                0x00000618       0x58 ./Drivers/STM32F4xx_HAL_Driver/Src/stm32f4xx_hal_gpio.o
 .debug_aranges
                0x00000670       0x88 ./Drivers/STM32F4xx_HAL_Driver/Src/stm32f4xx_hal_rcc.o
 .debug_aranges
                0x000006f8      0x1d0 ./Drivers/STM32F4xx_HAL_Driver/Src/stm32f4xx_hal_spi.o
 .debug_aranges
                0x000008c8      0x3d0 ./Drivers/STM32F4xx_HAL_Driver/Src/stm32f4xx_hal_tim.o
 .debug_aranges
                0x00000c98      0x168 ./Drivers/STM32F4xx_HAL_Driver/Src/stm32f4xx_hal_tim_ex.o
 .debug_aranges
                0x00000e00      0x208 ./Drivers/STM32F4xx_HAL_Driver/Src/stm32f4xx_hal_uart.o
 .debug_aranges
                0x00001008      0x2b0 ./Middlewares/Third_Party/FreeRTOS/Source/CMSIS_RTOS_V2/cmsis_os2.o
 .debug_aranges
                0x000012b8       0x40 ./Middlewares/Third_Party/FreeRTOS/Source/list.o
 .debug_aranges
                0x000012f8      0x158 ./Middlewares/Third_Party/FreeRTOS/Source/queue.o
 .debug_aranges
                0x00001450      0x208 ./Middlewares/Third_Party/FreeRTOS/Source/tasks.o
 .debug_aranges
                0x00001658       0xf0 ./Middlewares/Third_Party/FreeRTOS/Source/timers.o
 .debug_aranges
                0x00001748       0x80 ./Middlewares/Third_Party/FreeRTOS/Source/portable/GCC/ARM_CM4F/port.o
 .debug_aranges
                0x000017c8       0x58 ./Middlewares/Third_Party/FreeRTOS/Source/portable/MemMang/heap_4.o
 .debug_aranges
                0x00001820       0x48 ./Src/App/app_main.o
 .debug_aranges
                0x00001868       0x28 ./Src/Driver/drv_adc.o
 .debug_aranges
                0x00001890       0x50 ./Src/Driver/drv_st7789.o
 .debug_aranges
                0x000018e0       0x38 ./Src/Service/svc_input.o

.debug_rnglists
                0x00000000     0x1357
 .debug_rnglists
                0x00000000       0x21 ./Core/Src/adc.o
 .debug_rnglists
                0x00000021       0x13 ./Core/Src/dma.o
 .debug_rnglists
                0x00000034       0x2c ./Core/Src/freertos.o
 .debug_rnglists
                0x00000060       0x14 ./Core/Src/gpio.o
 .debug_rnglists
                0x00000074       0x26 ./Core/Src/main.o
 .debug_rnglists
                0x0000009a       0x20 ./Core/Src/spi.o
 .debug_rnglists
                0x000000ba       0x13 ./Core/Src/stm32f4xx_hal_msp.o
 .debug_rnglists
                0x000000cd       0x20 ./Core/Src/stm32f4xx_hal_timebase_tim.o
 .debug_rnglists
                0x000000ed       0x43 ./Core/Src/stm32f4xx_it.o
 .debug_rnglists
                0x00000130       0x1a ./Core/Src/system_stm32f4xx.o
 .debug_rnglists
                0x0000014a       0x28 ./Core/Src/tim.o
 .debug_rnglists
                0x00000172       0x20 ./Core/Src/usart.o
 .debug_rnglists
                0x00000192       0x19 ./Core/Startup/startup_stm32f411ceux.o
 .debug_rnglists
                0x000001ab       0xaf ./Drivers/STM32F4xx_HAL_Driver/Src/stm32f4xx_hal.o
 .debug_rnglists
                0x0000025a       0xb5 ./Drivers/STM32F4xx_HAL_Driver/Src/stm32f4xx_hal_adc.o
 .debug_rnglists
                0x0000030f       0xe0 ./Drivers/STM32F4xx_HAL_Driver/Src/stm32f4xx_hal_cortex.o
 .debug_rnglists
                0x000003ef       0x70 ./Drivers/STM32F4xx_HAL_Driver/Src/stm32f4xx_hal_dma.o
 .debug_rnglists
                0x0000045f       0x3f ./Drivers/STM32F4xx_HAL_Driver/Src/stm32f4xx_hal_gpio.o
 .debug_rnglists
                0x0000049e       0x66 ./Drivers/STM32F4xx_HAL_Driver/Src/stm32f4xx_hal_rcc.o
 .debug_rnglists
                0x00000504      0x16f ./Drivers/STM32F4xx_HAL_Driver/Src/stm32f4xx_hal_spi.o
 .debug_rnglists
                0x00000673      0x31a ./Drivers/STM32F4xx_HAL_Driver/Src/stm32f4xx_hal_tim.o
 .debug_rnglists
                0x0000098d      0x125 ./Drivers/STM32F4xx_HAL_Driver/Src/stm32f4xx_hal_tim_ex.o
 .debug_rnglists
                0x00000ab2      0x1bc ./Drivers/STM32F4xx_HAL_Driver/Src/stm32f4xx_hal_uart.o
 .debug_rnglists
                0x00000c6e      0x212 ./Middlewares/Third_Party/FreeRTOS/Source/CMSIS_RTOS_V2/cmsis_os2.o
 .debug_rnglists
                0x00000e80       0x2b ./Middlewares/Third_Party/FreeRTOS/Source/list.o
 .debug_rnglists
                0x00000eab      0x109 ./Middlewares/Third_Party/FreeRTOS/Source/queue.o
 .debug_rnglists
                0x00000fb4      0x1a0 ./Middlewares/Third_Party/FreeRTOS/Source/tasks.o
 .debug_rnglists
                0x00001154       0xb8 ./Middlewares/Third_Party/FreeRTOS/Source/timers.o
 .debug_rnglists
                0x0000120c       0x5d ./Middlewares/Third_Party/FreeRTOS/Source/portable/GCC/ARM_CM4F/port.o
 .debug_rnglists
                0x00001269       0x42 ./Middlewares/Third_Party/FreeRTOS/Source/portable/MemMang/heap_4.o
 .debug_rnglists
                0x000012ab       0x32 ./Src/App/app_main.o
 .debug_rnglists
                0x000012dd       0x19 ./Src/Driver/drv_adc.o
 .debug_rnglists
                0x000012f6       0x3a ./Src/Driver/drv_st7789.o
 .debug_rnglists
                0x00001330       0x27 ./Src/Service/svc_input.o

.debug_macro    0x00000000    0x1ae4e
 .debug_macro   0x00000000      0x219 ./Core/Src/adc.o
 .debug_macro   0x00000219      0xad8 ./Core/Src/adc.o
 .debug_macro   0x00000cf1      0x2a7 ./Core/Src/adc.o
 .debug_macro   0x00000f98       0x2e ./Core/Src/adc.o
 .debug_macro   0x00000fc6       0x28 ./Core/Src/adc.o
 .debug_macro   0x00000fee       0x22 ./Core/Src/adc.o
 .debug_macro   0x00001010       0x8e ./Core/Src/adc.o
 .debug_macro   0x0000109e       0x51 ./Core/Src/adc.o
 .debug_macro   0x000010ef      0x103 ./Core/Src/adc.o
 .debug_macro   0x000011f2       0x6a ./Core/Src/adc.o
 .debug_macro   0x0000125c      0x1df ./Core/Src/adc.o
 .debug_macro   0x0000143b       0x1c ./Core/Src/adc.o
 .debug_macro   0x00001457       0x22 ./Core/Src/adc.o
 .debug_macro   0x00001479       0xfb ./Core/Src/adc.o
 .debug_macro   0x00001574     0x1011 ./Core/Src/adc.o
 .debug_macro   0x00002585      0x11f ./Core/Src/adc.o
 .debug_macro   0x000026a4     0xb968 ./Core/Src/adc.o
 .debug_macro   0x0000e00c       0x6d ./Core/Src/adc.o
 .debug_macro   0x0000e079     0x3693 ./Core/Src/adc.o
 .debug_macro   0x0001170c      0x190 ./Core/Src/adc.o
 .debug_macro   0x0001189c       0x5c ./Core/Src/adc.o
 .debug_macro   0x000118f8      0x45c ./Core/Src/adc.o
 .debug_macro   0x00011d54      0x9e9 ./Core/Src/adc.o
 .debug_macro   0x0001273d      0x115 ./Core/Src/adc.o
 .debug_macro   0x00012852      0x11b ./Core/Src/adc.o
 .debug_macro   0x0001296d       0xa5 ./Core/Src/adc.o
 .debug_macro   0x00012a12      0x15f ./Core/Src/adc.o
 .debug_macro   0x00012b71      0x287 ./Core/Src/adc.o
 .debug_macro   0x00012df8       0x5f ./Core/Src/adc.o
 .debug_macro   0x00012e57      0x236 ./Core/Src/adc.o
 .debug_macro   0x0001308d      0x9e1 ./Core/Src/adc.o
 .debug_macro   0x00013a6e      0x38b ./Core/Src/adc.o
 .debug_macro   0x00013df9      0x17d ./Core/Src/adc.o
 .debug_macro   0x00013f76       0xf9 ./Core/Src/adc.o
 .debug_macro   0x0001406f      0x132 ./Core/Src/adc.o
 .debug_macro   0x000141a1      0x264 ./Core/Src/adc.o
 .debug_macro   0x00014405       0x2e ./Core/Src/adc.o
 .debug_macro   0x00014433      0x127 ./Core/Src/adc.o
 .debug_macro   0x0001455a       0x85 ./Core/Src/adc.o
 .debug_macro   0x000145df       0x89 ./Core/Src/adc.o
 .debug_macro   0x00014668      0x225 ./Core/Src/adc.o
 .debug_macro   0x0001488d      0x8ed ./Core/Src/adc.o
 .debug_macro   0x0001517a       0x47 ./Core/Src/adc.o
 .debug_macro   0x000151c1      0x2aa ./Core/Src/adc.o
 .debug_macro   0x0001546b      0x126 ./Core/Src/adc.o
 .debug_macro   0x00015591       0x64 ./Core/Src/adc.o
 .debug_macro   0x000155f5      0x219 ./Core/Src/dma.o
 .debug_macro   0x0001580e      0x2a3 ./Core/Src/freertos.o
 .debug_macro   0x00015ab1      0x169 ./Core/Src/freertos.o
 .debug_macro   0x00015c1a      0x15a ./Core/Src/freertos.o
 .debug_macro   0x00015d74       0xc9 ./Core/Src/freertos.o
 .debug_macro   0x00015e3d       0x1c ./Core/Src/freertos.o
 .debug_macro   0x00015e59       0x26 ./Core/Src/freertos.o
 .debug_macro   0x00015e7f      0x4c5 ./Core/Src/freertos.o
 .debug_macro   0x00016344       0xb5 ./Core/Src/freertos.o
 .debug_macro   0x000163f9       0xaa ./Core/Src/freertos.o
 .debug_macro   0x000164a3       0x6c ./Core/Src/freertos.o
 .debug_macro   0x0001650f       0x74 ./Core/Src/freertos.o
 .debug_macro   0x00016583       0xdd ./Core/Src/freertos.o
 .debug_macro   0x00016660      0x219 ./Core/Src/gpio.o
 .debug_macro   0x00016879      0x2df ./Core/Src/main.o
 .debug_macro   0x00016b58      0x169 ./Core/Src/main.o
 .debug_macro   0x00016cc1       0x66 ./Core/Src/main.o
 .debug_macro   0x00016d27      0x219 ./Core/Src/spi.o
 .debug_macro   0x00016f40      0x20f ./Core/Src/stm32f4xx_hal_msp.o
 .debug_macro   0x0001714f      0x200 ./Core/Src/stm32f4xx_hal_timebase_tim.o
 .debug_macro   0x0001734f      0x219 ./Core/Src/stm32f4xx_it.o
 .debug_macro   0x00017568      0x200 ./Core/Src/system_stm32f4xx.o
 .debug_macro   0x00017768      0x219 ./Core/Src/tim.o
 .debug_macro   0x00017981      0x219 ./Core/Src/usart.o
 .debug_macro   0x00017b9a      0x260 ./Drivers/STM32F4xx_HAL_Driver/Src/stm32f4xx_hal.o
 .debug_macro   0x00017dfa      0x201 ./Drivers/STM32F4xx_HAL_Driver/Src/stm32f4xx_hal_adc.o
 .debug_macro   0x00017ffb      0x200 ./Drivers/STM32F4xx_HAL_Driver/Src/stm32f4xx_hal_cortex.o
 .debug_macro   0x000181fb      0x206 ./Drivers/STM32F4xx_HAL_Driver/Src/stm32f4xx_hal_dma.o
 .debug_macro   0x00018401      0x206 ./Drivers/STM32F4xx_HAL_Driver/Src/stm32f4xx_hal_gpio.o
 .debug_macro   0x00018607      0x224 ./Drivers/STM32F4xx_HAL_Driver/Src/stm32f4xx_hal_rcc.o
 .debug_macro   0x0001882b      0x20f ./Drivers/STM32F4xx_HAL_Driver/Src/stm32f4xx_hal_spi.o
 .debug_macro   0x00018a3a      0x201 ./Drivers/STM32F4xx_HAL_Driver/Src/stm32f4xx_hal_tim.o
 .debug_macro   0x00018c3b      0x200 ./Drivers/STM32F4xx_HAL_Driver/Src/stm32f4xx_hal_tim_ex.o
 .debug_macro   0x00018e3b      0x201 ./Drivers/STM32F4xx_HAL_Driver/Src/stm32f4xx_hal_uart.o
 .debug_macro   0x0001903c      0x3f7 ./Middlewares/Third_Party/FreeRTOS/Source/CMSIS_RTOS_V2/cmsis_os2.o
 .debug_macro   0x00019433       0x10 ./Middlewares/Third_Party/FreeRTOS/Source/CMSIS_RTOS_V2/cmsis_os2.o
 .debug_macro   0x00019443       0x20 ./Middlewares/Third_Party/FreeRTOS/Source/CMSIS_RTOS_V2/cmsis_os2.o
 .debug_macro   0x00019463       0x10 ./Middlewares/Third_Party/FreeRTOS/Source/CMSIS_RTOS_V2/cmsis_os2.o
 .debug_macro   0x00019473       0xf5 ./Middlewares/Third_Party/FreeRTOS/Source/CMSIS_RTOS_V2/cmsis_os2.o
 .debug_macro   0x00019568       0x91 ./Middlewares/Third_Party/FreeRTOS/Source/CMSIS_RTOS_V2/cmsis_os2.o
 .debug_macro   0x000195f9       0x8d ./Middlewares/Third_Party/FreeRTOS/Source/CMSIS_RTOS_V2/cmsis_os2.o
 .debug_macro   0x00019686       0x9a ./Middlewares/Third_Party/FreeRTOS/Source/CMSIS_RTOS_V2/cmsis_os2.o
 .debug_macro   0x00019720       0x22 ./Middlewares/Third_Party/FreeRTOS/Source/CMSIS_RTOS_V2/cmsis_os2.o
 .debug_macro   0x00019742       0x56 ./Middlewares/Third_Party/FreeRTOS/Source/CMSIS_RTOS_V2/cmsis_os2.o
 .debug_macro   0x00019798      0x187 ./Middlewares/Third_Party/FreeRTOS/Source/list.o
 .debug_macro   0x0001991f      0x216 ./Middlewares/Third_Party/FreeRTOS/Source/queue.o
 .debug_macro   0x00019b35       0x16 ./Middlewares/Third_Party/FreeRTOS/Source/queue.o
 .debug_macro   0x00019b4b       0x87 ./Middlewares/Third_Party/FreeRTOS/Source/queue.o
 .debug_macro   0x00019bd2      0x27f ./Middlewares/Third_Party/FreeRTOS/Source/tasks.o
 .debug_macro   0x00019e51       0x10 ./Middlewares/Third_Party/FreeRTOS/Source/tasks.o
 .debug_macro   0x00019e61      0x1dc ./Middlewares/Third_Party/FreeRTOS/Source/timers.o
 .debug_macro   0x0001a03d       0x97 ./Middlewares/Third_Party/FreeRTOS/Source/timers.o
 .debug_macro   0x0001a0d4      0x196 ./Middlewares/Third_Party/FreeRTOS/Source/portable/GCC/ARM_CM4F/port.o
 .debug_macro   0x0001a26a      0x1ae ./Middlewares/Third_Party/FreeRTOS/Source/portable/MemMang/heap_4.o
 .debug_macro   0x0001a418      0x2e0 ./Src/App/app_main.o
 .debug_macro   0x0001a6f8       0x22 ./Src/App/app_main.o
 .debug_macro   0x0001a71a      0x21e ./Src/Driver/drv_adc.o
 .debug_macro   0x0001a938       0x1c ./Src/Driver/drv_adc.o
 .debug_macro   0x0001a954      0x2d2 ./Src/Driver/drv_st7789.o
 .debug_macro   0x0001ac26      0x228 ./Src/Service/svc_input.o

.debug_line     0x00000000    0x1d8c9
 .debug_line    0x00000000      0x7a7 ./Core/Src/adc.o
 .debug_line    0x000007a7      0x6e5 ./Core/Src/dma.o
 .debug_line    0x00000e8c      0x919 ./Core/Src/freertos.o
 .debug_line    0x000017a5      0x702 ./Core/Src/gpio.o
 .debug_line    0x00001ea7      0x917 ./Core/Src/main.o
 .debug_line    0x000027be      0x75f ./Core/Src/spi.o
 .debug_line    0x00002f1d      0x6ea ./Core/Src/stm32f4xx_hal_msp.o
 .debug_line    0x00003607      0x755 ./Core/Src/stm32f4xx_hal_timebase_tim.o
 .debug_line    0x00003d5c      0x7a2 ./Core/Src/stm32f4xx_it.o
 .debug_line    0x000044fe      0x75f ./Core/Src/system_stm32f4xx.o
 .debug_line    0x00004c5d      0x80a ./Core/Src/tim.o
 .debug_line    0x00005467      0x75a ./Core/Src/usart.o
 .debug_line    0x00005bc1       0x7a ./Core/Startup/startup_stm32f411ceux.o
 .debug_line    0x00005c3b      0x9db ./Drivers/STM32F4xx_HAL_Driver/Src/stm32f4xx_hal.o
 .debug_line    0x00006616     0x1132 ./Drivers/STM32F4xx_HAL_Driver/Src/stm32f4xx_hal_adc.o
 .debug_line    0x00007748      0xcab ./Drivers/STM32F4xx_HAL_Driver/Src/stm32f4xx_hal_cortex.o
 .debug_line    0x000083f3      0xf47 ./Drivers/STM32F4xx_HAL_Driver/Src/stm32f4xx_hal_dma.o
 .debug_line    0x0000933a      0xaf7 ./Drivers/STM32F4xx_HAL_Driver/Src/stm32f4xx_hal_gpio.o
 .debug_line    0x00009e31      0xde8 ./Drivers/STM32F4xx_HAL_Driver/Src/stm32f4xx_hal_rcc.o
 .debug_line    0x0000ac19     0x1c76 ./Drivers/STM32F4xx_HAL_Driver/Src/stm32f4xx_hal_spi.o
 .debug_line    0x0000c88f     0x351a ./Drivers/STM32F4xx_HAL_Driver/Src/stm32f4xx_hal_tim.o
 .debug_line    0x0000fda9     0x18d6 ./Drivers/STM32F4xx_HAL_Driver/Src/stm32f4xx_hal_tim_ex.o
 .debug_line    0x0001167f     0x2523 ./Drivers/STM32F4xx_HAL_Driver/Src/stm32f4xx_hal_uart.o
 .debug_line    0x00013ba2     0x24aa ./Middlewares/Third_Party/FreeRTOS/Source/CMSIS_RTOS_V2/cmsis_os2.o
 .debug_line    0x0001604c      0x6c1 ./Middlewares/Third_Party/FreeRTOS/Source/list.o
 .debug_line    0x0001670d     0x1632 ./Middlewares/Third_Party/FreeRTOS/Source/queue.o
 .debug_line    0x00017d3f     0x1bb5 ./Middlewares/Third_Party/FreeRTOS/Source/tasks.o
 .debug_line    0x000198f4      0xd01 ./Middlewares/Third_Party/FreeRTOS/Source/timers.o
 .debug_line    0x0001a5f5      0x756 ./Middlewares/Third_Party/FreeRTOS/Source/portable/GCC/ARM_CM4F/port.o
 .debug_line    0x0001ad4b      0x8d8 ./Middlewares/Third_Party/FreeRTOS/Source/portable/MemMang/heap_4.o
 .debug_line    0x0001b623      0x99e ./Src/App/app_main.o
 .debug_line    0x0001bfc1      0x70f ./Src/Driver/drv_adc.o
 .debug_line    0x0001c6d0      0x9b2 ./Src/Driver/drv_st7789.o
 .debug_line    0x0001d082      0x847 ./Src/Service/svc_input.o

.debug_str      0x00000000    0xa645f
 .debug_str     0x00000000    0xa645f ./Core/Src/adc.o
                              0x94575 (size before relaxing)
 .debug_str     0x000a645f    0x943d7 ./Core/Src/dma.o
 .debug_str     0x000a645f    0x98ec3 ./Core/Src/freertos.o
 .debug_str     0x000a645f    0x940dd ./Core/Src/gpio.o
 .debug_str     0x000a645f    0x991a8 ./Core/Src/main.o
 .debug_str     0x000a645f    0x94569 ./Core/Src/spi.o
 .debug_str     0x000a645f    0x943c7 ./Core/Src/stm32f4xx_hal_msp.o
 .debug_str     0x000a645f    0x948dd ./Core/Src/stm32f4xx_hal_timebase_tim.o
 .debug_str     0x000a645f    0x94741 ./Core/Src/stm32f4xx_it.o
 .debug_str     0x000a645f    0x93f4d ./Core/Src/system_stm32f4xx.o
 .debug_str     0x000a645f    0x94791 ./Core/Src/tim.o
 .debug_str     0x000a645f    0x94976 ./Core/Src/usart.o
 .debug_str     0x000a645f       0x6d ./Core/Startup/startup_stm32f411ceux.o
 .debug_str     0x000a645f    0x94979 ./Drivers/STM32F4xx_HAL_Driver/Src/stm32f4xx_hal.o
 .debug_str     0x000a645f    0x94528 ./Drivers/STM32F4xx_HAL_Driver/Src/stm32f4xx_hal_adc.o
 .debug_str     0x000a645f    0x946e3 ./Drivers/STM32F4xx_HAL_Driver/Src/stm32f4xx_hal_cortex.o
 .debug_str     0x000a645f    0x94355 ./Drivers/STM32F4xx_HAL_Driver/Src/stm32f4xx_hal_dma.o
 .debug_str     0x000a645f    0x940c8 ./Drivers/STM32F4xx_HAL_Driver/Src/stm32f4xx_hal_gpio.o
 .debug_str     0x000a645f    0x94381 ./Drivers/STM32F4xx_HAL_Driver/Src/stm32f4xx_hal_rcc.o
 .debug_str     0x000a645f    0x947f9 ./Drivers/STM32F4xx_HAL_Driver/Src/stm32f4xx_hal_spi.o
 .debug_str     0x000a645f    0x952c5 ./Drivers/STM32F4xx_HAL_Driver/Src/stm32f4xx_hal_tim.o
 .debug_str     0x000a645f    0x94ad1 ./Drivers/STM32F4xx_HAL_Driver/Src/stm32f4xx_hal_tim_ex.o
 .debug_str     0x000a645f    0x94950 ./Drivers/STM32F4xx_HAL_Driver/Src/stm32f4xx_hal_uart.o
 .debug_str     0x000a645f    0x9eaa2 ./Middlewares/Third_Party/FreeRTOS/Source/CMSIS_RTOS_V2/cmsis_os2.o
 .debug_str     0x000a645f     0xabff ./Middlewares/Third_Party/FreeRTOS/Source/list.o
 .debug_str     0x000a645f     0xc73f ./Middlewares/Third_Party/FreeRTOS/Source/queue.o
 .debug_str     0x000a645f     0xd1fc ./Middlewares/Third_Party/FreeRTOS/Source/tasks.o
 .debug_str     0x000a645f     0xcc71 ./Middlewares/Third_Party/FreeRTOS/Source/timers.o
 .debug_str     0x000a645f     0x87a5 ./Middlewares/Third_Party/FreeRTOS/Source/portable/GCC/ARM_CM4F/port.o
 .debug_str     0x000a645f     0xb541 ./Middlewares/Third_Party/FreeRTOS/Source/portable/MemMang/heap_4.o
 .debug_str     0x000a645f    0x98aa2 ./Src/App/app_main.o
 .debug_str     0x000a645f    0x943a5 ./Src/Driver/drv_adc.o
 .debug_str     0x000a645f    0x99046 ./Src/Driver/drv_st7789.o
 .debug_str     0x000a645f    0x9402a ./Src/Service/svc_input.o

.comment        0x00000000       0x43
 .comment       0x00000000       0x43 ./Core/Src/adc.o
                                 0x44 (size before relaxing)
 .comment       0x00000043       0x44 ./Core/Src/dma.o
 .comment       0x00000043       0x44 ./Core/Src/freertos.o
 .comment       0x00000043       0x44 ./Core/Src/gpio.o
 .comment       0x00000043       0x44 ./Core/Src/main.o
 .comment       0x00000043       0x44 ./Core/Src/spi.o
 .comment       0x00000043       0x44 ./Core/Src/stm32f4xx_hal_msp.o
 .comment       0x00000043       0x44 ./Core/Src/stm32f4xx_hal_timebase_tim.o
 .comment       0x00000043       0x44 ./Core/Src/stm32f4xx_it.o
 .comment       0x00000043       0x44 ./Core/Src/system_stm32f4xx.o
 .comment       0x00000043       0x44 ./Core/Src/tim.o
 .comment       0x00000043       0x44 ./Core/Src/usart.o
 .comment       0x00000043       0x44 ./Drivers/STM32F4xx_HAL_Driver/Src/stm32f4xx_hal.o
 .comment       0x00000043       0x44 ./Drivers/STM32F4xx_HAL_Driver/Src/stm32f4xx_hal_adc.o
 .comment       0x00000043       0x44 ./Drivers/STM32F4xx_HAL_Driver/Src/stm32f4xx_hal_cortex.o
 .comment       0x00000043       0x44 ./Drivers/STM32F4xx_HAL_Driver/Src/stm32f4xx_hal_dma.o
 .comment       0x00000043       0x44 ./Drivers/STM32F4xx_HAL_Driver/Src/stm32f4xx_hal_gpio.o
 .comment       0x00000043       0x44 ./Drivers/STM32F4xx_HAL_Driver/Src/stm32f4xx_hal_rcc.o
 .comment       0x00000043       0x44 ./Drivers/STM32F4xx_HAL_Driver/Src/stm32f4xx_hal_spi.o
 .comment       0x00000043       0x44 ./Drivers/STM32F4xx_HAL_Driver/Src/stm32f4xx_hal_tim.o
 .comment       0x00000043       0x44 ./Drivers/STM32F4xx_HAL_Driver/Src/stm32f4xx_hal_tim_ex.o
 .comment       0x00000043       0x44 ./Drivers/STM32F4xx_HAL_Driver/Src/stm32f4xx_hal_uart.o
 .comment       0x00000043       0x44 ./Middlewares/Third_Party/FreeRTOS/Source/CMSIS_RTOS_V2/cmsis_os2.o
 .comment       0x00000043       0x44 ./Middlewares/Third_Party/FreeRTOS/Source/list.o
 .comment       0x00000043       0x44 ./Middlewares/Third_Party/FreeRTOS/Source/queue.o
 .comment       0x00000043       0x44 ./Middlewares/Third_Party/FreeRTOS/Source/tasks.o
 .comment       0x00000043       0x44 ./Middlewares/Third_Party/FreeRTOS/Source/timers.o
 .comment       0x00000043       0x44 ./Middlewares/Third_Party/FreeRTOS/Source/portable/GCC/ARM_CM4F/port.o
 .comment       0x00000043       0x44 ./Middlewares/Third_Party/FreeRTOS/Source/portable/MemMang/heap_4.o